Archive member included to satisfy reference by file (symbol)

../../libdaisy/build\libdaisy.a(daisy_petal.o)
                              build/Looper.o (daisy::DaisyPetal::StartAudio(void (*)(float*, float*, unsigned int)))
../../libdaisy/build\libdaisy.a(daisy_seed.o)
                              ../../libdaisy/build\libdaisy.a(daisy_petal.o) (daisy::DaisySeed::Configure())
../../libdaisy/build\libdaisy.a(codec_ak4556.o)
                              ../../libdaisy/build\libdaisy.a(daisy_seed.o) (daisy::Ak4556::Init(dsy_gpio_pin))
../../libdaisy/build\libdaisy.a(sdram.o)
                              ../../libdaisy/build\libdaisy.a(daisy_seed.o) (dsy_sdram_init)
../../libdaisy/build\libdaisy.a(audio.o)
                              ../../libdaisy/build\libdaisy.a(daisy_seed.o) (daisy::AudioHandle::Init(daisy::AudioHandle::Config const&, daisy::SaiHandle))
../../libdaisy/build\libdaisy.a(ctrl.o)
                              ../../libdaisy/build\libdaisy.a(daisy_petal.o) (daisy::AnalogControl::Init(unsigned short*, float, bool, bool, float))
../../libdaisy/build\libdaisy.a(encoder.o)
                              ../../libdaisy/build\libdaisy.a(daisy_petal.o) (daisy::Encoder::Init(dsy_gpio_pin, dsy_gpio_pin, dsy_gpio_pin, float))
../../libdaisy/build\libdaisy.a(switch.o)
                              ../../libdaisy/build\libdaisy.a(daisy_petal.o) (daisy::Switch::Init(dsy_gpio_pin, float))
../../libdaisy/build\libdaisy.a(adc.o)
                              ../../libdaisy/build\libdaisy.a(daisy_petal.o) (daisy::AdcChannelConfig::InitSingle(dsy_gpio_pin))
../../libdaisy/build\libdaisy.a(gpio.o)
                              ../../libdaisy/build\libdaisy.a(daisy_petal.o) (dsy_gpio_init)
../../libdaisy/build\libdaisy.a(i2c.o)
                              ../../libdaisy/build\libdaisy.a(daisy_petal.o) (daisy::I2CHandle::Init(daisy::I2CHandle::Config const&))
../../libdaisy/build\libdaisy.a(qspi.o)
                              ../../libdaisy/build\libdaisy.a(daisy_seed.o) (dsy_qspi_init)
../../libdaisy/build\libdaisy.a(sai.o)
                              ../../libdaisy/build\libdaisy.a(daisy_seed.o) (daisy::SaiHandle::Init(daisy::SaiHandle::Config const&))
../../libdaisy/build\libdaisy.a(system.o)
                              build/Looper.o (daisy::System::Delay(unsigned long))
../../libdaisy/build\libdaisy.a(system_stm32h7xx.o)
                              build/startup_stm32h750xx.o (SystemInit)
../../libdaisy/build\libdaisy.a(hal_map.o)
                              ../../libdaisy/build\libdaisy.a(sdram.o) (dsy_hal_map_get_port)
../../libdaisy/build\libdaisy.a(stm32h7xx_hal.o)
                              ../../libdaisy/build\libdaisy.a(system.o) (HAL_Init)
../../libdaisy/build\libdaisy.a(stm32h7xx_hal_adc.o)
                              ../../libdaisy/build\libdaisy.a(adc.o) (HAL_ADC_ConfigChannel)
../../libdaisy/build\libdaisy.a(stm32h7xx_hal_adc_ex.o)
                              ../../libdaisy/build\libdaisy.a(adc.o) (HAL_ADCEx_Calibration_Start)
../../libdaisy/build\libdaisy.a(stm32h7xx_hal_cortex.o)
                              ../../libdaisy/build\libdaisy.a(stm32h7xx_hal.o) (HAL_NVIC_SetPriorityGrouping)
../../libdaisy/build\libdaisy.a(stm32h7xx_hal_dma.o)
                              ../../libdaisy/build\libdaisy.a(adc.o) (HAL_DMA_Init)
../../libdaisy/build\libdaisy.a(stm32h7xx_hal_gpio.o)
                              ../../libdaisy/build\libdaisy.a(sdram.o) (HAL_GPIO_Init)
../../libdaisy/build\libdaisy.a(stm32h7xx_hal_i2c.o)
                              ../../libdaisy/build\libdaisy.a(i2c.o) (HAL_I2C_Init)
../../libdaisy/build\libdaisy.a(stm32h7xx_hal_i2c_ex.o)
                              ../../libdaisy/build\libdaisy.a(i2c.o) (HAL_I2CEx_ConfigAnalogFilter)
../../libdaisy/build\libdaisy.a(stm32h7xx_hal_pwr_ex.o)
                              ../../libdaisy/build\libdaisy.a(system.o) (HAL_PWREx_ConfigSupply)
../../libdaisy/build\libdaisy.a(stm32h7xx_hal_qspi.o)
                              ../../libdaisy/build\libdaisy.a(qspi.o) (HAL_QSPI_Init)
../../libdaisy/build\libdaisy.a(stm32h7xx_hal_rcc.o)
                              ../../libdaisy/build\libdaisy.a(system.o) (HAL_RCC_OscConfig)
../../libdaisy/build\libdaisy.a(stm32h7xx_hal_rcc_ex.o)
                              ../../libdaisy/build\libdaisy.a(system.o) (HAL_RCCEx_PeriphCLKConfig)
../../libdaisy/build\libdaisy.a(stm32h7xx_hal_sai.o)
                              ../../libdaisy/build\libdaisy.a(sai.o) (HAL_SAI_InitProtocol)
../../libdaisy/build\libdaisy.a(stm32h7xx_hal_sdram.o)
                              ../../libdaisy/build\libdaisy.a(sdram.o) (HAL_SDRAM_Init)
../../libdaisy/build\libdaisy.a(stm32h7xx_ll_fmc.o)
                              ../../libdaisy/build\libdaisy.a(stm32h7xx_hal_sdram.o) (FMC_SDRAM_Init)
../../libdaisy/build\libdaisy.a(tim.o)
                              ../../libdaisy/build\libdaisy.a(system.o) (daisy::TimerHandle::Init(daisy::TimerHandle::Config const&))
../../libdaisy/build\libdaisy.a(dma.o)
[...]
Memory Configuration

Name             Origin             Length             Attributes
FLASH            0x08000000         0x00020000         xr
DTCMRAM          0x20000000         0x00020000         xrw
SRAM             0x24000000         0x00080000         xrw
RAM_D2           0x30000000         0x00048000         xrw
RAM_D3           0x38000000         0x00010000         xrw
ITCMRAM          0x00000000         0x00010000         xrw
SDRAM            0xc0000000         0x04000000         xrw
QSPIFLASH        0x90000000         0x00800000         xr
*default*        0x00000000         0xffffffff

Linker script and memory map

LOAD d:/gnu_arm_embedded_toolchain/10_2020-q4-major/bin/../lib/gcc/arm-none-eabi/10.2.1/thumb/v7e-m+dp/hard/crti.o
LOAD d:/gnu_arm_embedded_toolchain/10_2020-q4-major/bin/../lib/gcc/arm-none-eabi/10.2.1/thumb/v7e-m+dp/hard/crtbegin.o
LOAD d:/gnu_arm_embedded_toolchain/10_2020-q4-major/bin/../lib/gcc/arm-none-eabi/10.2.1/../../../../arm-none-eabi/lib/thumb/v7e-m+dp/hard/crt0.o
LOAD build/startup_stm32h750xx.o
LOAD build/diskio.o
LOAD build/ff.o
LOAD build/ff_gen_drv.o
LOAD build/ccsbcs.o
LOAD build/Looper.o
LOAD ../../libdaisy/build\libdaisy.a
LOAD d:/gnu_arm_embedded_toolchain/10_2020-q4-major/bin/../lib/gcc/arm-none-eabi/10.2.1/../../../../arm-none-eabi/lib/thumb/v7e-m+dp/hard\libnosys.a
LOAD ../../DaisySP/build\libdaisysp.a
LOAD d:/gnu_arm_embedded_toolchain/10_2020-q4-major/bin/../lib/gcc/arm-none-eabi/10.2.1/../../../../arm-none-eabi/lib/thumb/v7e-m+dp/hard\libstdc++_nano.a
LOAD d:/gnu_arm_embedded_toolchain/10_2020-q4-major/bin/../lib/gcc/arm-none-eabi/10.2.1/../../../../arm-none-eabi/lib/thumb/v7e-m+dp/hard\libm.a
LOAD d:/gnu_arm_embedded_toolchain/10_2020-q4-major/bin/../lib/gcc/arm-none-eabi/10.2.1/../../../../arm-none-eabi/lib/thumb/v7e-m+dp/hard\libc_nano.a
START GROUP
LOAD d:/gnu_arm_embedded_toolchain/10_2020-q4-major/bin/../lib/gcc/arm-none-eabi/10.2.1/thumb/v7e-m+dp/hard\libgcc.a
LOAD d:/gnu_arm_embedded_toolchain/10_2020-q4-major/bin/../lib/gcc/arm-none-eabi/10.2.1/../../../../arm-none-eabi/lib/thumb/v7e-m+dp/hard\libc_nano.a
END GROUP
START GROUP
LOAD d:/gnu_arm_embedded_toolchain/10_2020-q4-major/bin/../lib/gcc/arm-none-eabi/10.2.1/thumb/v7e-m+dp/hard\libgcc.a
LOAD d:/gnu_arm_embedded_toolchain/10_2020-q4-major/bin/../lib/gcc/arm-none-eabi/10.2.1/../../../../arm-none-eabi/lib/thumb/v7e-m+dp/hard\libc_nano.a
LOAD d:/gnu_arm_embedded_toolchain/10_2020-q4-major/bin/../lib/gcc/arm-none-eabi/10.2.1/../../../../arm-none-eabi/lib/thumb/v7e-m+dp/hard\libnosys.a
END GROUP
START GROUP
LOAD d:/gnu_arm_embedded_toolchain/10_2020-q4-major/bin/../lib/gcc/arm-none-eabi/10.2.1/thumb/v7e-m+dp/hard\libgcc.a
LOAD d:/gnu_arm_embedded_toolchain/10_2020-q4-major/bin/../lib/gcc/arm-none-eabi/10.2.1/../../../../arm-none-eabi/lib/thumb/v7e-m+dp/hard\libc_nano.a
LOAD d:/gnu_arm_embedded_toolchain/10_2020-q4-major/bin/../lib/gcc/arm-none-eabi/10.2.1/../../../../arm-none-eabi/lib/thumb/v7e-m+dp/hard\libnosys.a
END GROUP
LOAD d:/gnu_arm_embedded_toolchain/10_2020-q4-major/bin/../lib/gcc/arm-none-eabi/10.2.1/thumb/v7e-m+dp/hard/crtend.o
LOAD d:/gnu_arm_embedded_toolchain/10_2020-q4-major/bin/../lib/gcc/arm-none-eabi/10.2.1/thumb/v7e-m+dp/hard/crtn.o
                0x20020000                _estack = 0x20020000

.isr_vector     0x08000000      0x298
                0x08000000                . = ALIGN (0x4)
 *(.isr_vector)
 .isr_vector    0x08000000      0x298 build/startup_stm32h750xx.o
                0x08000000                g_pfnVectors
                0x08000298                . = ALIGN (0x4)

.text           0x08000298     0xaf08
                0x08000298                . = ALIGN (0x4)
                0x08000298                _stext = .
 *(.text)
 .text          0x08000298       0x40 d:/gnu_arm_embedded_toolchain/10_2020-q4-major/bin/../lib/gcc/arm-none-eabi/10.2.1/thumb/v7e-m+dp/hard/crtbegin.o
 *(.text*)
 .text.Default_Handler
                0x080002d8        0x4 build/startup_stm32h750xx.o
                0x080002d8                RTC_Alarm_IRQHandler
                0x080002d8                HASH_RNG_IRQHandler
                0x080002d8                EXTI2_IRQHandler
                0x080002d8                TIM8_CC_IRQHandler
                0x080002d8                HRTIM1_Master_IRQHandler
                0x080002d8                DebugMon_Handler
                0x080002d8                UART8_IRQHandler
                0x080002d8                SPI4_IRQHandler
                0x080002d8                TIM1_CC_IRQHandler
                0x080002d8                BDMA_Channel6_IRQHandler
                0x080002d8                DMA2_Stream5_IRQHandler
                0x080002d8                HRTIM1_FLT_IRQHandler
                0x080002d8                JPEG_IRQHandler
                0x080002d8                DMA1_Stream5_IRQHandler
                0x080002d8                BDMA_Channel1_IRQHandler
                0x080002d8                HRTIM1_TIMD_IRQHandler
                0x080002d8                TAMP_STAMP_IRQHandler
                0x080002d8                PendSV_Handler
                0x080002d8                NMI_Handler
                0x080002d8                EXTI3_IRQHandler
                0x080002d8                LPTIM4_IRQHandler
                0x080002d8                TIM8_TRG_COM_TIM14_IRQHandler
                0x080002d8                LPTIM2_IRQHandler
                0x080002d8                DFSDM1_FLT1_IRQHandler
                0x080002d8                DMAMUX2_OVR_IRQHandler
                0x080002d8                TIM8_UP_TIM13_IRQHandler
                0x080002d8                I2C3_ER_IRQHandler
                0x080002d8                DFSDM1_FLT2_IRQHandler
                0x080002d8                MDMA_IRQHandler
                0x080002d8                LPTIM3_IRQHandler
                0x080002d8                HSEM1_IRQHandler
                0x080002d8                EXTI0_IRQHandler
                0x080002d8                FPU_IRQHandler
                0x080002d8                OTG_HS_WKUP_IRQHandler
                0x080002d8                FDCAN1_IT1_IRQHandler
                0x080002d8                UsageFault_Handler
                0x080002d8                LTDC_ER_IRQHandler
                0x080002d8                DMA2_Stream2_IRQHandler
                0x080002d8                HRTIM1_TIME_IRQHandler
                0x080002d8                SPI1_IRQHandler
                0x080002d8                TIM6_DAC_IRQHandler
                0x080002d8                DCMI_IRQHandler
                0x080002d8                HRTIM1_TIMC_IRQHandler
                0x080002d8                DMA2_Stream3_IRQHandler
                0x080002d8                SAI2_IRQHandler
                0x080002d8                DFSDM1_FLT3_IRQHandler
                0x080002d8                USART6_IRQHandler
                0x080002d8                TIM17_IRQHandler
                0x080002d8                USART3_IRQHandler
                0x080002d8                CRYP_IRQHandler
                0x080002d8                BDMA_Channel7_IRQHandler
                0x080002d8                LPTIM5_IRQHandler
                0x080002d8                UART5_IRQHandler
                0x080002d8                ADC3_IRQHandler
                0x080002d8                DMA2_Stream0_IRQHandler
                0x080002d8                TIM4_IRQHandler
                0x080002d8                BDMA_Channel2_IRQHandler
                0x080002d8                DMAMUX1_OVR_IRQHandler
                0x080002d8                TIM16_IRQHandler
                0x080002d8                UART4_IRQHandler
                0x080002d8                BDMA_Channel5_IRQHandler
                0x080002d8                TIM3_IRQHandler
                0x080002d8                RCC_IRQHandler
                0x080002d8                TIM8_BRK_TIM12_IRQHandler
                0x080002d8                TIM1_TRG_COM_IRQHandler
                0x080002d8                Default_Handler
                0x080002d8                ECC_IRQHandler
                0x080002d8                CEC_IRQHandler
                0x080002d8                EXTI15_10_IRQHandler
                0x080002d8                BDMA_Channel0_IRQHandler
                0x080002d8                ADC_IRQHandler
                0x080002d8                DMA1_Stream7_IRQHandler
                0x080002d8                HRTIM1_TIMA_IRQHandler
                0x080002d8                SPI5_IRQHandler
                0x080002d8                TIM7_IRQHandler
                0x080002d8                SDMMC1_IRQHandler
                0x080002d8                TIM5_IRQHandler
                0x080002d8                DMA2_Stream7_IRQHandler
                0x080002d8                TIM15_IRQHandler
                0x080002d8                PVD_AVD_IRQHandler
                0x080002d8                EXTI9_5_IRQHandler
                0x080002d8                RTC_WKUP_IRQHandler
                0x080002d8                LTDC_IRQHandler
                0x080002d8                SAI3_IRQHandler
                0x080002d8                ETH_WKUP_IRQHandler
                0x080002d8                SPDIF_RX_IRQHandler
                0x080002d8                SPI2_IRQHandler
                0x080002d8                OTG_HS_EP1_IN_IRQHandler
                0x080002d8                MemManage_Handler
                0x080002d8                SVC_Handler
                0x080002d8                CRS_IRQHandler
                0x080002d8                EXTI4_IRQHandler
                0x080002d8                HRTIM1_TIMB_IRQHandler
                0x080002d8                FDCAN2_IT1_IRQHandler
                0x080002d8                ETH_IRQHandler
                0x080002d8                TIM1_UP_IRQHandler
                0x080002d8                BDMA_Channel4_IRQHandler
                0x080002d8                OTG_HS_EP1_OUT_IRQHandler
                0x080002d8                WWDG_IRQHandler
                0x080002d8                SPI6_IRQHandler
                0x080002d8                I2C4_EV_IRQHandler
                0x080002d8                MDIOS_IRQHandler
                0x080002d8                FDCAN2_IT0_IRQHandler
                0x080002d8                LPUART1_IRQHandler
                0x080002d8                FDCAN1_IT0_IRQHandler
                0x080002d8                TIM2_IRQHandler
                0x080002d8                OTG_FS_WKUP_IRQHandler
                0x080002d8                OTG_HS_IRQHandler
                0x080002d8                DMA2D_IRQHandler
                0x080002d8                TIM1_BRK_IRQHandler
                0x080002d8                EXTI1_IRQHandler
                0x080002d8                SDMMC2_IRQHandler
                0x080002d8                OTG_FS_EP1_OUT_IRQHandler
                0x080002d8                BDMA_Channel3_IRQHandler
                0x080002d8                UART7_IRQHandler
                0x080002d8                MDIOS_WKUP_IRQHandler
                0x080002d8                USART2_IRQHandler
                0x080002d8                DFSDM1_FLT0_IRQHandler
                0x080002d8                SAI4_IRQHandler
                0x080002d8                I2C2_ER_IRQHandler
                0x080002d8                DMA2_Stream1_IRQHandler
                0x080002d8                FLASH_IRQHandler
                0x080002d8                DMA2_Stream4_IRQHandler
                0x080002d8                BusFault_Handler
                0x080002d8                USART1_IRQHandler
                0x080002d8                OTG_FS_IRQHandler
                0x080002d8                SPI3_IRQHandler
                0x080002d8                WAKEUP_PIN_IRQHandler
                0x080002d8                OTG_FS_EP1_IN_IRQHandler
                0x080002d8                I2C1_ER_IRQHandler
                0x080002d8                FMC_IRQHandler
                0x080002d8                FDCAN_CAL_IRQHandler
                0x080002d8                SWPMI1_IRQHandler
                0x080002d8                COMP1_IRQHandler
                0x080002d8                LPTIM1_IRQHandler
                0x080002d8                I2C4_ER_IRQHandler
                0x080002d8                DMA2_Stream6_IRQHandler
                0x080002d8                SAI1_IRQHandler
 .text.Reset_Handler
                0x080002dc       0x44 build/startup_stm32h750xx.o
                0x080002dc                Reset_Handler
 .text._ZN5daisy10DaisyPetalD2Ev
                0x08000320        0x4 build/Looper.o
                0x08000320                daisy::DaisyPetal::~DaisyPetal()
                0x08000320                daisy::DaisyPetal::~DaisyPetal()
 .text._Z11ResetBufferv
                0x08000324       0x50 build/Looper.o
                0x08000324                ResetBuffer()
 .text.startup.main
                0x08000374       0x64 build/Looper.o
                0x08000374                main
 .text._Z13UpdateButtonsv
                0x080003d8       0xf0 build/Looper.o
                0x080003d8                UpdateButtons()
 .text._Z11NextSamplesRfPfj
                0x080004c8       0xc8 build/Looper.o
                0x080004c8                NextSamples(float&, float*, unsigned int)
 .text._ZL13AudioCallbackPfS_j
                0x08000590       0x58 build/Looper.o
 .text.startup._GLOBAL__sub_I_first
                0x080005e8       0x3c build/Looper.o
 .text._ZN5daisy16LedDriverPca9685ILi2ELb1EE14TxCpltCallbackEPvNS_9I2CHandle6ResultE
                0x08000624       0x54 ../../libdaisy/build\libdaisy.a(daisy_petal.o)
                0x08000624                daisy::LedDriverPca9685<2, true>::TxCpltCallback(void*, daisy::I2CHandle::Result)
 .text._ZN5daisy10DaisyPetal10StartAudioEPFvPfS1_jE
                0x08000678        0x4 ../../libdaisy/build\libdaisy.a(daisy_petal.o)
                0x08000678                daisy::DaisyPetal::StartAudio(void (*)(float*, float*, unsigned int))
 .text._ZN5daisy10DaisyPetal8StartAdcEv
                0x0800067c        0x8 ../../libdaisy/build\libdaisy.a(daisy_petal.o)
                0x0800067c                daisy::DaisyPetal::StartAdc()
 .text._ZN5daisy10DaisyPetal21ProcessAnalogControlsEv
                0x08000684       0x20 ../../libdaisy/build\libdaisy.a(daisy_petal.o)
                0x08000684                daisy::DaisyPetal::ProcessAnalogControls()
 .text._ZN5daisy10DaisyPetal22ProcessDigitalControlsEv
                0x080006a4       0x20 ../../libdaisy/build\libdaisy.a(daisy_petal.o)
                0x080006a4                daisy::DaisyPetal::ProcessDigitalControls()
 .text._ZN5daisy10DaisyPetal9ClearLedsEv
                0x080006c4      0x1ac ../../libdaisy/build\libdaisy.a(daisy_petal.o)
                0x080006c4                daisy::DaisyPetal::ClearLeds()
 .text._ZN5daisy10DaisyPetal10UpdateLedsEv
                0x08000870      0x154 ../../libdaisy/build\libdaisy.a(daisy_petal.o)
                0x08000870                daisy::DaisyPetal::UpdateLeds()
 .text._ZN5daisy10DaisyPetal16SetFootswitchLedENS0_13FootswitchLedEf
                0x080009c4       0x90 ../../libdaisy/build\libdaisy.a(daisy_petal.o)
                0x080009c4                daisy::DaisyPetal::SetFootswitchLed(daisy::DaisyPetal::FootswitchLed, float)
 .text._ZN5daisy10DaisyPetal8InitLedsEv
                0x08000a54      0x28c ../../libdaisy/build\libdaisy.a(daisy_petal.o)
                0x08000a54                daisy::DaisyPetal::InitLeds()
 .text._ZN5daisy10DaisyPetal18InitAnalogControlsEv
                0x08000ce0      0x108 ../../libdaisy/build\libdaisy.a(daisy_petal.o)
                0x08000ce0                daisy::DaisyPetal::InitAnalogControls()
 .text._ZN5daisy10DaisyPetal4InitEb
                0x08000de8       0xac ../../libdaisy/build\libdaisy.a(daisy_petal.o)
                0x08000de8                daisy::DaisyPetal::Init(bool)
 .text.startup._GLOBAL__sub_I__ZN5daisy10DaisyPetal4InitEb
                0x08000e94       0x18 ../../libdaisy/build\libdaisy.a(daisy_petal.o)
 .text._ZN5daisy9DaisySeed9ConfigureEv
                0x08000eac       0x4c ../../libdaisy/build\libdaisy.a(daisy_seed.o)
                0x08000eac                daisy::DaisySeed::Configure()
 .text._ZN5daisy9DaisySeed6GetPinEh
                0x08000ef8       0x2c ../../libdaisy/build\libdaisy.a(daisy_seed.o)
                0x08000ef8                daisy::DaisySeed::GetPin(unsigned char)
 .text._ZN5daisy9DaisySeed10StartAudioEPFvPfS1_jE
                0x08000f24        0x8 ../../libdaisy/build\libdaisy.a(daisy_seed.o)
                0x08000f24                daisy::DaisySeed::StartAudio(void (*)(float*, float*, unsigned int))
 .text._ZN5daisy9DaisySeed17SetAudioBlockSizeEj
                0x08000f2c       0x38 ../../libdaisy/build\libdaisy.a(daisy_seed.o)
                0x08000f2c                daisy::DaisySeed::SetAudioBlockSize(unsigned int)
 .text._ZNK5daisy9DaisySeed17AudioCallbackRateEv
                0x08000f64        0x8 ../../libdaisy/build\libdaisy.a(daisy_seed.o)
                0x08000f64                daisy::DaisySeed::AudioCallbackRate() const
 *fill*         0x08000f6c        0x4 
 .text._ZN5daisy9DaisySeed14ConfigureAudioEv
                0x08000f70       0x78 ../../libdaisy/build\libdaisy.a(daisy_seed.o)
                0x08000f70                daisy::DaisySeed::ConfigureAudio()
 .text._ZN5daisy9DaisySeed4InitEb
                0x08000fe8       0x7c ../../libdaisy/build\libdaisy.a(daisy_seed.o)
                0x08000fe8                daisy::DaisySeed::Init(bool)
 .text._ZN5daisy6Ak45564InitE12dsy_gpio_pin
                0x08001064       0x44 ../../libdaisy/build\libdaisy.a(codec_ak4556.o)
                0x08001064                daisy::Ak4556::Init(dsy_gpio_pin)
 .text.dsy_sdram_init
                0x080010a8      0x108 ../../libdaisy/build\libdaisy.a(sdram.o)
                0x080010a8                dsy_sdram_init
 .text.HAL_SDRAM_MspInit
                0x080011b0      0x1d0 ../../libdaisy/build\libdaisy.a(sdram.o)
                0x080011b0                HAL_SDRAM_MspInit
 .text._ZN5daisy11AudioHandle4Impl16InternalCallbackEPlS2_j
                0x08001380      0xbbc ../../libdaisy/build\libdaisy.a(audio.o)
                0x08001380                daisy::AudioHandle::Impl::InternalCallback(long*, long*, unsigned int)
 .text._ZN5daisy11AudioHandle4InitERKNS0_6ConfigENS_9SaiHandleE
                0x08001f3c       0x64 ../../libdaisy/build\libdaisy.a(audio.o)
                0x08001f3c                daisy::AudioHandle::Init(daisy::AudioHandle::Config const&, daisy::SaiHandle)
 .text._ZNK5daisy11AudioHandle9GetConfigEv
                0x08001fa0        0x8 ../../libdaisy/build\libdaisy.a(audio.o)
                0x08001fa0                daisy::AudioHandle::GetConfig() const
 .text._ZN5daisy11AudioHandle12SetBlockSizeEj
                0x08001fa8       0x1c ../../libdaisy/build\libdaisy.a(audio.o)
                0x08001fa8                daisy::AudioHandle::SetBlockSize(unsigned int)
 .text._ZN5daisy11AudioHandle13GetSampleRateEv
                0x08001fc4        0x8 ../../libdaisy/build\libdaisy.a(audio.o)
                0x08001fc4                daisy::AudioHandle::GetSampleRate()
 .text._ZN5daisy11AudioHandle5StartEPFvPfS1_jE
                0x08001fcc       0x2c ../../libdaisy/build\libdaisy.a(audio.o)
                0x08001fcc                daisy::AudioHandle::Start(void (*)(float*, float*, unsigned int))
 .text.startup._GLOBAL__sub_I__ZN5daisy11AudioHandle4Impl4InitENS0_6ConfigENS_9SaiHandleE
                0x08001ff8       0x10 ../../libdaisy/build\libdaisy.a(audio.o)
 .text._ZN5daisy13AnalogControl4InitEPtfbbf
                0x08002008       0x30 ../../libdaisy/build\libdaisy.a(ctrl.o)
                0x08002008                daisy::AnalogControl::Init(unsigned short*, float, bool, bool, float)
 .text._ZN5daisy13AnalogControl7ProcessEv
                0x08002038       0x48 ../../libdaisy/build\libdaisy.a(ctrl.o)
                0x08002038                daisy::AnalogControl::Process()
 .text._ZN5daisy7Encoder4InitE12dsy_gpio_pinS1_S1_f
                0x08002080       0x4c ../../libdaisy/build\libdaisy.a(encoder.o)
                0x08002080                daisy::Encoder::Init(dsy_gpio_pin, dsy_gpio_pin, dsy_gpio_pin, float)
 .text._ZN5daisy7Encoder8DebounceEv
                0x080020cc       0x60 ../../libdaisy/build\libdaisy.a(encoder.o)
                0x080020cc                daisy::Encoder::Debounce()
 .text._ZN5daisy6Switch4InitE12dsy_gpio_pinf
                0x0800212c       0x3c ../../libdaisy/build\libdaisy.a(switch.o)
                0x0800212c                daisy::Switch::Init(dsy_gpio_pin, float)
 .text._ZN5daisy6Switch8DebounceEv
                0x08002168       0x4c ../../libdaisy/build\libdaisy.a(switch.o)
                0x08002168                daisy::Switch::Debounce()
 .text._ZN5daisy16AdcChannelConfig10InitSingleE12dsy_gpio_pin
                0x080021b4       0x1c ../../libdaisy/build\libdaisy.a(adc.o)
                0x080021b4                daisy::AdcChannelConfig::InitSingle(dsy_gpio_pin)
 .text._ZN5daisy9AdcHandle4InitEPNS_16AdcChannelConfigEjNS0_12OverSamplingE
                0x080021d0      0x6e8 ../../libdaisy/build\libdaisy.a(adc.o)
                0x080021d0                daisy::AdcHandle::Init(daisy::AdcChannelConfig*, unsigned int, daisy::AdcHandle::OverSampling)
 .text._ZN5daisy9AdcHandle5StartEv
                0x080028b8       0x2c ../../libdaisy/build\libdaisy.a(adc.o)
                0x080028b8                daisy::AdcHandle::Start()
 .text._ZNK5daisy9AdcHandle6GetPtrEh
                0x080028e4       0x14 ../../libdaisy/build\libdaisy.a(adc.o)
                0x080028e4                daisy::AdcHandle::GetPtr(unsigned char) const
 .text.HAL_ADC_MspInit
                0x080028f8       0x98 ../../libdaisy/build\libdaisy.a(adc.o)
                0x080028f8                HAL_ADC_MspInit
 .text.DMA1_Stream2_IRQHandler
                0x08002990        0xc ../../libdaisy/build\libdaisy.a(adc.o)
                0x08002990                DMA1_Stream2_IRQHandler
 .text.HAL_ADC_ConvCpltCallback
                0x0800299c      0x14c ../../libdaisy/build\libdaisy.a(adc.o)
                0x0800299c                HAL_ADC_ConvCpltCallback
 .text.HAL_ADC_ErrorCallback
                0x08002ae8        0x4 ../../libdaisy/build\libdaisy.a(adc.o)
                0x08002ae8                HAL_ADC_ErrorCallback
 .text.dsy_gpio_init
                0x08002aec      0x1b8 ../../libdaisy/build\libdaisy.a(gpio.o)
                0x08002aec                dsy_gpio_init
 .text.dsy_gpio_read
                0x08002ca4       0x1c ../../libdaisy/build\libdaisy.a(gpio.o)
                0x08002ca4                dsy_gpio_read
 .text.dsy_gpio_write
                0x08002cc0       0x24 ../../libdaisy/build\libdaisy.a(gpio.o)
                0x08002cc0                dsy_gpio_write
 .text._ZN5daisy9I2CHandle4Impl16StartDmaTransferEtPhtPFvPvNS0_6ResultEES3_
                0x08002ce4       0xbc ../../libdaisy/build\libdaisy.a(i2c.o)
                0x08002ce4                daisy::I2CHandle::Impl::StartDmaTransfer(unsigned short, unsigned char*, unsigned short, void (*)(void*, daisy::I2CHandle::Result), void*)
 .text._ZN5daisy9I2CHandle4Impl8InitPinsEv
                0x08002da0       0x58 ../../libdaisy/build\libdaisy.a(i2c.o)
                0x08002da0                daisy::I2CHandle::Impl::InitPins()
 .text.HAL_I2C_MspInit
                0x08002df8      0x1b4 ../../libdaisy/build\libdaisy.a(i2c.o)
                0x08002df8                HAL_I2C_MspInit
 .text.dsy_i2c_global_init
                0x08002fac       0x38 ../../libdaisy/build\libdaisy.a(i2c.o)
                0x08002fac                dsy_i2c_global_init
 .text.DMA1_Stream6_IRQHandler
                0x08002fe4       0x24 ../../libdaisy/build\libdaisy.a(i2c.o)
                0x08002fe4                DMA1_Stream6_IRQHandler
 .text.I2C1_EV_IRQHandler
                0x08003008        0xc ../../libdaisy/build\libdaisy.a(i2c.o)
                0x08003008                I2C1_EV_IRQHandler
 .text.I2C2_EV_IRQHandler
                0x08003014        0xc ../../libdaisy/build\libdaisy.a(i2c.o)
                0x08003014                I2C2_EV_IRQHandler
 .text.I2C3_EV_IRQHandler
                0x08003020        0xc ../../libdaisy/build\libdaisy.a(i2c.o)
                0x08003020                I2C3_EV_IRQHandler
 .text.HAL_I2C_MasterTxCpltCallback
                0x0800302c       0x70 ../../libdaisy/build\libdaisy.a(i2c.o)
                0x0800302c                HAL_I2C_MasterTxCpltCallback
 .text.HAL_I2C_ErrorCallback
                0x0800309c       0x74 ../../libdaisy/build\libdaisy.a(i2c.o)
                0x0800309c                HAL_I2C_ErrorCallback
 .text._ZN5daisy9I2CHandle4InitERKNS0_6ConfigE
                0x08003110       0xf4 ../../libdaisy/build\libdaisy.a(i2c.o)
                0x08003110                daisy::I2CHandle::Init(daisy::I2CHandle::Config const&)
 .text._ZNK5daisy9I2CHandle9GetConfigEv
                0x08003204        0x4 ../../libdaisy/build\libdaisy.a(i2c.o)
                0x08003204                daisy::I2CHandle::GetConfig() const
 .text._ZN5daisy9I2CHandle16TransmitBlockingEtPhtm
                0x08003208       0x34 ../../libdaisy/build\libdaisy.a(i2c.o)
                0x08003208                daisy::I2CHandle::TransmitBlocking(unsigned short, unsigned char*, unsigned short, unsigned long)
 .text._ZN5daisy9I2CHandle11TransmitDmaEtPhtPFvPvNS0_6ResultEES2_
                0x0800323c       0x78 ../../libdaisy/build\libdaisy.a(i2c.o)
                0x0800323c                daisy::I2CHandle::TransmitDma(unsigned short, unsigned char*, unsigned short, void (*)(void*, daisy::I2CHandle::Result), void*)
 *fill*         0x080032b4        0x4 
 .text.dsy_qspi_init
                0x080032b8      0x388 ../../libdaisy/build\libdaisy.a(qspi.o)
                0x080032b8                dsy_qspi_init
 .text.HAL_QSPI_MspInit
                0x08003640      0x10c ../../libdaisy/build\libdaisy.a(qspi.o)
                0x08003640                HAL_QSPI_MspInit
 .text.HAL_QSPI_MspDeInit
                0x0800374c       0x58 ../../libdaisy/build\libdaisy.a(qspi.o)
                0x0800374c                HAL_QSPI_MspDeInit
 .text.QUADSPI_IRQHandler
                0x080037a4        0xc ../../libdaisy/build\libdaisy.a(qspi.o)
                0x080037a4                QUADSPI_IRQHandler
 .text._ZN5daisy9SaiHandle4Impl7InitDmaENS1_15PeripheralBlockE
                0x080037b0       0xa0 ../../libdaisy/build\libdaisy.a(sai.o)
                0x080037b0                daisy::SaiHandle::Impl::InitDma(daisy::SaiHandle::Impl::PeripheralBlock)
 .text._ZN5daisy9SaiHandle4Impl8InitPinsEv
                0x08003850       0xa8 ../../libdaisy/build\libdaisy.a(sai.o)
                0x08003850                daisy::SaiHandle::Impl::InitPins()
 .text.HAL_SAI_MspInit
                0x080038f8      0x164 ../../libdaisy/build\libdaisy.a(sai.o)
                0x080038f8                HAL_SAI_MspInit
 .text.DMA1_Stream0_IRQHandler
                0x08003a5c        0xc ../../libdaisy/build\libdaisy.a(sai.o)
                0x08003a5c                DMA1_Stream0_IRQHandler
 .text.DMA1_Stream1_IRQHandler
                0x08003a68        0xc ../../libdaisy/build\libdaisy.a(sai.o)
                0x08003a68                DMA1_Stream1_IRQHandler
 .text.DMA1_Stream3_IRQHandler
                0x08003a74        0xc ../../libdaisy/build\libdaisy.a(sai.o)
                0x08003a74                DMA1_Stream3_IRQHandler
 .text.DMA1_Stream4_IRQHandler
                0x08003a80        0xc ../../libdaisy/build\libdaisy.a(sai.o)
                0x08003a80                DMA1_Stream4_IRQHandler
 .text.HAL_SAI_RxHalfCpltCallback
                0x08003a8c       0x78 ../../libdaisy/build\libdaisy.a(sai.o)
                0x08003a8c                HAL_SAI_RxHalfCpltCallback
 .text.HAL_SAI_RxCpltCallback
                0x08003b04       0x70 ../../libdaisy/build\libdaisy.a(sai.o)
                0x08003b04                HAL_SAI_RxCpltCallback
 *fill*         0x08003b74        0x4 
 .text._ZN5daisy9SaiHandle4InitERKNS0_6ConfigE
                0x08003b78      0x1f0 ../../libdaisy/build\libdaisy.a(sai.o)
                0x08003b78                daisy::SaiHandle::Init(daisy::SaiHandle::Config const&)
 .text._ZNK5daisy9SaiHandle9GetConfigEv
                0x08003d68        0x4 ../../libdaisy/build\libdaisy.a(sai.o)
                0x08003d68                daisy::SaiHandle::GetConfig() const
 .text._ZN5daisy9SaiHandle8StartDmaEPlS1_jPFvS1_S1_jE
                0x08003d6c       0x68 ../../libdaisy/build\libdaisy.a(sai.o)
                0x08003d6c                daisy::SaiHandle::StartDma(long*, long*, unsigned int, void (*)(long*, long*, unsigned int))
 .text._ZN5daisy9SaiHandle13GetSampleRateEv
                0x08003dd4       0x24 ../../libdaisy/build\libdaisy.a(sai.o)
                0x08003dd4                daisy::SaiHandle::GetSampleRate()
 .text._ZNK5daisy9SaiHandle9GetOffsetEv
                0x08003df8        0x8 ../../libdaisy/build\libdaisy.a(sai.o)
                0x08003df8                daisy::SaiHandle::GetOffset() const
 .text._ZN5daisy11TimerHandleD2Ev
                0x08003e00        0x4 ../../libdaisy/build\libdaisy.a(system.o)
                0x08003e00                daisy::TimerHandle::~TimerHandle()
                0x08003e00                daisy::TimerHandle::~TimerHandle()
 .text.SysTick_Handler
                0x08003e04       0x10 ../../libdaisy/build\libdaisy.a(system.o)
                0x08003e04                SysTick_Handler
 .text.HardFault_Handler
                0x08003e14        0x4 ../../libdaisy/build\libdaisy.a(system.o)
                0x08003e14                HardFault_Handler
 .text._ZN5daisy6System5DelayEm
                0x08003e18        0x4 ../../libdaisy/build\libdaisy.a(system.o)
                0x08003e18                daisy::System::Delay(unsigned long)
 .text._ZN5daisy6System15ConfigureClocksEv
                0x08003e1c      0x194 ../../libdaisy/build\libdaisy.a(system.o)
                0x08003e1c                daisy::System::ConfigureClocks()
 .text._ZN5daisy6System4InitERKNS0_6ConfigE
                0x08003fb0      0x11c ../../libdaisy/build\libdaisy.a(system.o)
                0x08003fb0                daisy::System::Init(daisy::System::Config const&)
 .text._ZN5daisy6System12GetPClk1FreqEv
                0x080040cc        0x4 ../../libdaisy/build\libdaisy.a(system.o)
                0x080040cc                daisy::System::GetPClk1Freq()
 .text.startup._GLOBAL__sub_I_SysTick_Handler
                0x080040d0       0x1c ../../libdaisy/build\libdaisy.a(system.o)
 .text.SystemInit
                0x080040ec       0x84 ../../libdaisy/build\libdaisy.a(system_stm32h7xx.o)
                0x080040ec                SystemInit
 .text.dsy_hal_map_get_port
                0x08004170       0x10 ../../libdaisy/build\libdaisy.a(hal_map.o)
                0x08004170                dsy_hal_map_get_port
 .text.dsy_hal_map_get_pin
                0x08004180       0x10 ../../libdaisy/build\libdaisy.a(hal_map.o)
                0x08004180                dsy_hal_map_get_pin
 .text.HAL_MspInit
                0x08004190        0x4 ../../libdaisy/build\libdaisy.a(stm32h7xx_hal.o)
                0x08004190                HAL_MspInit
 .text.HAL_InitTick
                0x08004194       0x4c ../../libdaisy/build\libdaisy.a(stm32h7xx_hal.o)
                0x08004194                HAL_InitTick
 .text.HAL_Init
                0x080041e0       0x60 ../../libdaisy/build\libdaisy.a(stm32h7xx_hal.o)
                0x080041e0                HAL_Init
 .text.HAL_IncTick
                0x08004240       0x18 ../../libdaisy/build\libdaisy.a(stm32h7xx_hal.o)
                0x08004240                HAL_IncTick
 .text.HAL_GetTick
                0x08004258        0xc ../../libdaisy/build\libdaisy.a(stm32h7xx_hal.o)
                0x08004258                HAL_GetTick
 .text.HAL_Delay
                0x08004264       0x24 ../../libdaisy/build\libdaisy.a(stm32h7xx_hal.o)
                0x08004264                HAL_Delay
 .text.HAL_GetREVID
                0x08004288        0xc ../../libdaisy/build\libdaisy.a(stm32h7xx_hal.o)
                0x08004288                HAL_GetREVID
 .text.HAL_ADC_ConvHalfCpltCallback
                0x08004294        0x4 ../../libdaisy/build\libdaisy.a(stm32h7xx_hal_adc.o)
                0x08004294                HAL_ADC_ConvHalfCpltCallback
 .text.ADC_DMAHalfConvCplt
                0x08004298        0xc ../../libdaisy/build\libdaisy.a(stm32h7xx_hal_adc.o)
                0x08004298                ADC_DMAHalfConvCplt
 .text.ADC_DMAConvCplt
                0x080042a4       0x6c ../../libdaisy/build\libdaisy.a(stm32h7xx_hal_adc.o)
                0x080042a4                ADC_DMAConvCplt
 .text.ADC_DMAError
                0x08004310       0x1c ../../libdaisy/build\libdaisy.a(stm32h7xx_hal_adc.o)
                0x08004310                ADC_DMAError
 .text.HAL_ADC_ConfigChannel
                0x0800432c      0x3fc ../../libdaisy/build\libdaisy.a(stm32h7xx_hal_adc.o)
                0x0800432c                HAL_ADC_ConfigChannel
 .text.ADC_Enable
                0x08004728       0xac ../../libdaisy/build\libdaisy.a(stm32h7xx_hal_adc.o)
                0x08004728                ADC_Enable
 .text.HAL_ADC_Start_DMA
                0x080047d4      0x114 ../../libdaisy/build\libdaisy.a(stm32h7xx_hal_adc.o)
                0x080047d4                HAL_ADC_Start_DMA
 .text.ADC_Disable
                0x080048e8       0x68 ../../libdaisy/build\libdaisy.a(stm32h7xx_hal_adc.o)
                0x080048e8                ADC_Disable
 .text.ADC_ConfigureBoostMode
                0x08004950      0x184 ../../libdaisy/build\libdaisy.a(stm32h7xx_hal_adc.o)
                0x08004950                ADC_ConfigureBoostMode
 .text.HAL_ADC_Init
                0x08004ad4      0x218 ../../libdaisy/build\libdaisy.a(stm32h7xx_hal_adc.o)
                0x08004ad4                HAL_ADC_Init
 .text.HAL_ADCEx_Calibration_Start
                0x08004cec       0xa4 ../../libdaisy/build\libdaisy.a(stm32h7xx_hal_adc_ex.o)
                0x08004cec                HAL_ADCEx_Calibration_Start
 .text.HAL_ADCEx_MultiModeConfigChannel
                0x08004d90       0xc4 ../../libdaisy/build\libdaisy.a(stm32h7xx_hal_adc_ex.o)
                0x08004d90                HAL_ADCEx_MultiModeConfigChannel
 .text.HAL_NVIC_SetPriorityGrouping
                0x08004e54       0x24 ../../libdaisy/build\libdaisy.a(stm32h7xx_hal_cortex.o)
                0x08004e54                HAL_NVIC_SetPriorityGrouping
 .text.HAL_NVIC_SetPriority
                0x08004e78       0x7c ../../libdaisy/build\libdaisy.a(stm32h7xx_hal_cortex.o)
                0x08004e78                HAL_NVIC_SetPriority
 .text.HAL_NVIC_EnableIRQ
                0x08004ef4       0x1c ../../libdaisy/build\libdaisy.a(stm32h7xx_hal_cortex.o)
                0x08004ef4                HAL_NVIC_EnableIRQ
 .text.HAL_NVIC_DisableIRQ
                0x08004f10       0x28 ../../libdaisy/build\libdaisy.a(stm32h7xx_hal_cortex.o)
                0x08004f10                HAL_NVIC_DisableIRQ
 .text.HAL_SYSTICK_Config
                0x08004f38       0x2c ../../libdaisy/build\libdaisy.a(stm32h7xx_hal_cortex.o)
                0x08004f38                HAL_SYSTICK_Config
 .text.HAL_MPU_Disable
                0x08004f64       0x1c ../../libdaisy/build\libdaisy.a(stm32h7xx_hal_cortex.o)
                0x08004f64                HAL_MPU_Disable
 .text.HAL_MPU_Enable
                0x08004f80       0x20 ../../libdaisy/build\libdaisy.a(stm32h7xx_hal_cortex.o)
                0x08004f80                HAL_MPU_Enable
 .text.HAL_MPU_ConfigRegion
                0x08004fa0       0x64 ../../libdaisy/build\libdaisy.a(stm32h7xx_hal_cortex.o)
                0x08004fa0                HAL_MPU_ConfigRegion
 .text.HAL_SYSTICK_Callback
                0x08005004        0x4 ../../libdaisy/build\libdaisy.a(stm32h7xx_hal_cortex.o)
                0x08005004                HAL_SYSTICK_Callback
 .text.HAL_SYSTICK_IRQHandler
                0x08005008        0x8 ../../libdaisy/build\libdaisy.a(stm32h7xx_hal_cortex.o)
                0x08005008                HAL_SYSTICK_IRQHandler
 .text.DMA_CalcBaseAndBitshift
                0x08005010       0xf4 ../../libdaisy/build\libdaisy.a(stm32h7xx_hal_dma.o)
 .text.DMA_CalcDMAMUXChannelBaseAndMask
                0x08005104       0xd8 ../../libdaisy/build\libdaisy.a(stm32h7xx_hal_dma.o)
 .text.HAL_DMA_Init
                0x080051dc      0x37c ../../libdaisy/build\libdaisy.a(stm32h7xx_hal_dma.o)
                0x080051dc                HAL_DMA_Init
 .text.HAL_DMA_Start_IT
                0x08005558      0x240 ../../libdaisy/build\libdaisy.a(stm32h7xx_hal_dma.o)
                0x08005558                HAL_DMA_Start_IT
 .text.HAL_DMA_Abort_IT
                0x08005798      0x134 ../../libdaisy/build\libdaisy.a(stm32h7xx_hal_dma.o)
                0x08005798                HAL_DMA_Abort_IT
 .text.HAL_DMA_IRQHandler
                0x080058cc      0x6a0 ../../libdaisy/build\libdaisy.a(stm32h7xx_hal_dma.o)
                0x080058cc                HAL_DMA_IRQHandler
 .text.HAL_DMA_GetError
                0x08005f6c        0x4 ../../libdaisy/build\libdaisy.a(stm32h7xx_hal_dma.o)
                0x08005f6c                HAL_DMA_GetError
 .text.HAL_GPIO_Init
                0x08005f70      0x280 ../../libdaisy/build\libdaisy.a(stm32h7xx_hal_gpio.o)
                0x08005f70                HAL_GPIO_Init
 .text.HAL_GPIO_DeInit
                0x080061f0      0x190 ../../libdaisy/build\libdaisy.a(stm32h7xx_hal_gpio.o)
                0x080061f0                HAL_GPIO_DeInit
 .text.HAL_GPIO_ReadPin
                0x08006380        0xc ../../libdaisy/build\libdaisy.a(stm32h7xx_hal_gpio.o)
                0x08006380                HAL_GPIO_ReadPin
 .text.HAL_GPIO_WritePin
                0x0800638c        0x8 ../../libdaisy/build\libdaisy.a(stm32h7xx_hal_gpio.o)
                0x0800638c                HAL_GPIO_WritePin
 .text.I2C_WaitOnTXISFlagUntilTimeout
                0x08006394       0xb8 ../../libdaisy/build\libdaisy.a(stm32h7xx_hal_i2c.o)
 .text.I2C_WaitOnSTOPFlagUntilTimeout
                0x0800644c       0xac ../../libdaisy/build\libdaisy.a(stm32h7xx_hal_i2c.o)
 .text.HAL_I2C_Init
                0x080064f8       0xac ../../libdaisy/build\libdaisy.a(stm32h7xx_hal_i2c.o)
                0x080064f8                HAL_I2C_Init
 .text.HAL_I2C_Master_Transmit
                0x080065a4      0x1a8 ../../libdaisy/build\libdaisy.a(stm32h7xx_hal_i2c.o)
                0x080065a4                HAL_I2C_Master_Transmit
 .text.HAL_I2C_Master_Transmit_DMA
                0x0800674c      0x174 ../../libdaisy/build\libdaisy.a(stm32h7xx_hal_i2c.o)
                0x0800674c                HAL_I2C_Master_Transmit_DMA
 .text.HAL_I2C_EV_IRQHandler
                0x080068c0       0x10 ../../libdaisy/build\libdaisy.a(stm32h7xx_hal_i2c.o)
                0x080068c0                HAL_I2C_EV_IRQHandler
 .text.HAL_I2C_MasterRxCpltCallback
                0x080068d0        0x4 ../../libdaisy/build\libdaisy.a(stm32h7xx_hal_i2c.o)
                0x080068d0                HAL_I2C_MasterRxCpltCallback
 .text.HAL_I2C_SlaveTxCpltCallback
                0x080068d4        0x4 ../../libdaisy/build\libdaisy.a(stm32h7xx_hal_i2c.o)
                0x080068d4                HAL_I2C_SlaveTxCpltCallback
 .text.HAL_I2C_SlaveRxCpltCallback
                0x080068d8        0x4 ../../libdaisy/build\libdaisy.a(stm32h7xx_hal_i2c.o)
                0x080068d8                HAL_I2C_SlaveRxCpltCallback
 .text.HAL_I2C_AddrCallback
                0x080068dc        0x4 ../../libdaisy/build\libdaisy.a(stm32h7xx_hal_i2c.o)
                0x080068dc                HAL_I2C_AddrCallback
 .text.I2C_ITAddrCplt.part.0
                0x080068e0       0x64 ../../libdaisy/build\libdaisy.a(stm32h7xx_hal_i2c.o)
 .text.HAL_I2C_ListenCpltCallback
                0x08006944        0x4 ../../libdaisy/build\libdaisy.a(stm32h7xx_hal_i2c.o)
                0x08006944                HAL_I2C_ListenCpltCallback
 .text.HAL_I2C_MemTxCpltCallback
                0x08006948        0x4 ../../libdaisy/build\libdaisy.a(stm32h7xx_hal_i2c.o)
                0x08006948                HAL_I2C_MemTxCpltCallback
 .text.HAL_I2C_MemRxCpltCallback
                0x0800694c        0x4 ../../libdaisy/build\libdaisy.a(stm32h7xx_hal_i2c.o)
                0x0800694c                HAL_I2C_MemRxCpltCallback
 .text.HAL_I2C_AbortCpltCallback
                0x08006950        0x4 ../../libdaisy/build\libdaisy.a(stm32h7xx_hal_i2c.o)
                0x08006950                HAL_I2C_AbortCpltCallback
 .text.I2C_ITError
                0x08006954      0x114 ../../libdaisy/build\libdaisy.a(stm32h7xx_hal_i2c.o)
 .text.I2C_ITSlaveCplt
                0x08006a68      0x1d8 ../../libdaisy/build\libdaisy.a(stm32h7xx_hal_i2c.o)
 .text.I2C_Slave_ISR_IT
                0x08006c40      0x324 ../../libdaisy/build\libdaisy.a(stm32h7xx_hal_i2c.o)
 .text.I2C_ITMasterCplt
                0x08006f64       0xe8 ../../libdaisy/build\libdaisy.a(stm32h7xx_hal_i2c.o)
 .text.I2C_Master_ISR_IT
                0x0800704c      0x1f4 ../../libdaisy/build\libdaisy.a(stm32h7xx_hal_i2c.o)
 .text.I2C_Slave_ISR_DMA
                0x08007240      0x1e4 ../../libdaisy/build\libdaisy.a(stm32h7xx_hal_i2c.o)
 .text.I2C_Master_ISR_DMA
                0x08007424      0x22c ../../libdaisy/build\libdaisy.a(stm32h7xx_hal_i2c.o)
 .text.I2C_DMAError
                0x08007650       0x48 ../../libdaisy/build\libdaisy.a(stm32h7xx_hal_i2c.o)
 .text.I2C_DMAMasterTransmitCplt
                0x08007698       0x90 ../../libdaisy/build\libdaisy.a(stm32h7xx_hal_i2c.o)
 .text.I2C_DMAAbort
                0x08007728       0x28 ../../libdaisy/build\libdaisy.a(stm32h7xx_hal_i2c.o)
 .text.HAL_I2C_GetState
                0x08007750        0x8 ../../libdaisy/build\libdaisy.a(stm32h7xx_hal_i2c.o)
                0x08007750                HAL_I2C_GetState
 .text.HAL_I2CEx_ConfigAnalogFilter
                0x08007758       0x54 ../../libdaisy/build\libdaisy.a(stm32h7xx_hal_i2c_ex.o)
                0x08007758                HAL_I2CEx_ConfigAnalogFilter
 .text.HAL_I2CEx_ConfigDigitalFilter
                0x080077ac       0x58 ../../libdaisy/build\libdaisy.a(stm32h7xx_hal_i2c_ex.o)
                0x080077ac                HAL_I2CEx_ConfigDigitalFilter
 .text.HAL_PWREx_ConfigSupply
                0x08007804       0x4c ../../libdaisy/build\libdaisy.a(stm32h7xx_hal_pwr_ex.o)
                0x08007804                HAL_PWREx_ConfigSupply
 .text.HAL_PWREx_EnableUSBVoltageDetector
                0x08007850       0x10 ../../libdaisy/build\libdaisy.a(stm32h7xx_hal_pwr_ex.o)
                0x08007850                HAL_PWREx_EnableUSBVoltageDetector
 .text.QSPI_Config
                0x08007860      0x174 ../../libdaisy/build\libdaisy.a(stm32h7xx_hal_qspi.o)
 .text.HAL_QSPI_Init
                0x080079d4       0xd8 ../../libdaisy/build\libdaisy.a(stm32h7xx_hal_qspi.o)
                0x080079d4                HAL_QSPI_Init
 .text.HAL_QSPI_DeInit
                0x08007aac       0x3c ../../libdaisy/build\libdaisy.a(stm32h7xx_hal_qspi.o)
                0x08007aac                HAL_QSPI_DeInit
 .text.HAL_QSPI_Command
                0x08007ae8       0xd4 ../../libdaisy/build\libdaisy.a(stm32h7xx_hal_qspi.o)
                0x08007ae8                HAL_QSPI_Command
 .text.HAL_QSPI_Transmit
                0x08007bbc       0xfc ../../libdaisy/build\libdaisy.a(stm32h7xx_hal_qspi.o)
                0x08007bbc                HAL_QSPI_Transmit
 .text.HAL_QSPI_Receive
                0x08007cb8      0x108 ../../libdaisy/build\libdaisy.a(stm32h7xx_hal_qspi.o)
                0x08007cb8                HAL_QSPI_Receive
 .text.HAL_QSPI_AutoPolling
                0x08007dc0       0xf0 ../../libdaisy/build\libdaisy.a(stm32h7xx_hal_qspi.o)
                0x08007dc0                HAL_QSPI_AutoPolling
 .text.HAL_QSPI_MemoryMapped
                0x08007eb0       0xc0 ../../libdaisy/build\libdaisy.a(stm32h7xx_hal_qspi.o)
                0x08007eb0                HAL_QSPI_MemoryMapped
 .text.HAL_QSPI_ErrorCallback
                0x08007f70        0x4 ../../libdaisy/build\libdaisy.a(stm32h7xx_hal_qspi.o)
                0x08007f70                HAL_QSPI_ErrorCallback
 .text.QSPI_DMAAbortCplt
                0x08007f74       0x38 ../../libdaisy/build\libdaisy.a(stm32h7xx_hal_qspi.o)
 .text.HAL_QSPI_AbortCpltCallback
                0x08007fac        0x4 ../../libdaisy/build\libdaisy.a(stm32h7xx_hal_qspi.o)
                0x08007fac                HAL_QSPI_AbortCpltCallback
 .text.HAL_QSPI_CmdCpltCallback
                0x08007fb0        0x4 ../../libdaisy/build\libdaisy.a(stm32h7xx_hal_qspi.o)
                0x08007fb0                HAL_QSPI_CmdCpltCallback
 .text.HAL_QSPI_RxCpltCallback
                0x08007fb4        0x4 ../../libdaisy/build\libdaisy.a(stm32h7xx_hal_qspi.o)
                0x08007fb4                HAL_QSPI_RxCpltCallback
 .text.HAL_QSPI_TxCpltCallback
                0x08007fb8        0x4 ../../libdaisy/build\libdaisy.a(stm32h7xx_hal_qspi.o)
                0x08007fb8                HAL_QSPI_TxCpltCallback
 .text.HAL_QSPI_FifoThresholdCallback
                0x08007fbc        0x4 ../../libdaisy/build\libdaisy.a(stm32h7xx_hal_qspi.o)
                0x08007fbc                HAL_QSPI_FifoThresholdCallback
 .text.HAL_QSPI_StatusMatchCallback
                0x08007fc0        0x4 ../../libdaisy/build\libdaisy.a(stm32h7xx_hal_qspi.o)
                0x08007fc0                HAL_QSPI_StatusMatchCallback
 .text.HAL_QSPI_TimeOutCallback
                0x08007fc4        0x4 ../../libdaisy/build\libdaisy.a(stm32h7xx_hal_qspi.o)
                0x08007fc4                HAL_QSPI_TimeOutCallback
 .text.HAL_QSPI_IRQHandler
                0x08007fc8      0x210 ../../libdaisy/build\libdaisy.a(stm32h7xx_hal_qspi.o)
                0x08007fc8                HAL_QSPI_IRQHandler
 .text.HAL_RCC_OscConfig
                0x080081d8      0x51c ../../libdaisy/build\libdaisy.a(stm32h7xx_hal_rcc.o)
                0x080081d8                HAL_RCC_OscConfig
 .text.HAL_RCC_GetSysClockFreq
                0x080086f4      0x140 ../../libdaisy/build\libdaisy.a(stm32h7xx_hal_rcc.o)
                0x080086f4                HAL_RCC_GetSysClockFreq
 .text.HAL_RCC_ClockConfig
                0x08008834      0x234 ../../libdaisy/build\libdaisy.a(stm32h7xx_hal_rcc.o)
                0x08008834                HAL_RCC_ClockConfig
 .text.HAL_RCC_GetHCLKFreq
                0x08008a68       0x2c ../../libdaisy/build\libdaisy.a(stm32h7xx_hal_rcc.o)
                0x08008a68                HAL_RCC_GetHCLKFreq
 .text.HAL_RCC_GetPCLK1Freq
                0x08008a94       0x38 ../../libdaisy/build\libdaisy.a(stm32h7xx_hal_rcc.o)
                0x08008a94                HAL_RCC_GetPCLK1Freq
 .text.RCCEx_PLL2_Config
                0x08008acc       0xf4 ../../libdaisy/build\libdaisy.a(stm32h7xx_hal_rcc_ex.o)
 .text.RCCEx_PLL3_Config
                0x08008bc0       0xf4 ../../libdaisy/build\libdaisy.a(stm32h7xx_hal_rcc_ex.o)
 .text.HAL_RCCEx_PeriphCLKConfig
                0x08008cb4      0xa7c ../../libdaisy/build\libdaisy.a(stm32h7xx_hal_rcc_ex.o)
                0x08008cb4                HAL_RCCEx_PeriphCLKConfig
 .text.HAL_RCCEx_GetPLL2ClockFreq
                0x08009730      0x17c ../../libdaisy/build\libdaisy.a(stm32h7xx_hal_rcc_ex.o)
                0x08009730                HAL_RCCEx_GetPLL2ClockFreq
 .text.HAL_RCCEx_GetPLL3ClockFreq
                0x080098ac      0x17c ../../libdaisy/build\libdaisy.a(stm32h7xx_hal_rcc_ex.o)
                0x080098ac                HAL_RCCEx_GetPLL3ClockFreq
 .text.HAL_RCCEx_GetPLL1ClockFreq
                0x08009a28      0x17c ../../libdaisy/build\libdaisy.a(stm32h7xx_hal_rcc_ex.o)
                0x08009a28                HAL_RCCEx_GetPLL1ClockFreq
 .text.HAL_RCCEx_GetPeriphCLKFreq
                0x08009ba4      0x198 ../../libdaisy/build\libdaisy.a(stm32h7xx_hal_rcc_ex.o)
                0x08009ba4                HAL_RCCEx_GetPeriphCLKFreq
 .text.HAL_RCCEx_GetD1SysClockFreq
                0x08009d3c       0x2c ../../libdaisy/build\libdaisy.a(stm32h7xx_hal_rcc_ex.o)
                0x08009d3c                HAL_RCCEx_GetD1SysClockFreq
 .text.HAL_SAI_Init.part.0
                0x08009d68      0x348 ../../libdaisy/build\libdaisy.a(stm32h7xx_hal_sai.o)
 .text.HAL_SAI_InitProtocol
                0x0800a0b0      0x178 ../../libdaisy/build\libdaisy.a(stm32h7xx_hal_sai.o)
                0x0800a0b0                HAL_SAI_InitProtocol
 .text.HAL_SAI_Transmit_DMA
                0x0800a228      0x124 ../../libdaisy/build\libdaisy.a(stm32h7xx_hal_sai.o)
                0x0800a228                HAL_SAI_Transmit_DMA
 .text.HAL_SAI_Receive_DMA
                0x0800a34c       0xd0 ../../libdaisy/build\libdaisy.a(stm32h7xx_hal_sai.o)
                0x0800a34c                HAL_SAI_Receive_DMA
 .text.HAL_SAI_TxCpltCallback
                0x0800a41c        0x4 ../../libdaisy/build\libdaisy.a(stm32h7xx_hal_sai.o)
                0x0800a41c                HAL_SAI_TxCpltCallback
 .text.SAI_DMATxCplt
                0x0800a420       0x64 ../../libdaisy/build\libdaisy.a(stm32h7xx_hal_sai.o)
 .text.HAL_SAI_TxHalfCpltCallback
                0x0800a484        0x4 ../../libdaisy/build\libdaisy.a(stm32h7xx_hal_sai.o)
                0x0800a484                HAL_SAI_TxHalfCpltCallback
 .text.SAI_DMATxHalfCplt
                0x0800a488        0xc ../../libdaisy/build\libdaisy.a(stm32h7xx_hal_sai.o)
 .text.SAI_DMARxCplt
                0x0800a494       0x64 ../../libdaisy/build\libdaisy.a(stm32h7xx_hal_sai.o)
 .text.SAI_DMARxHalfCplt
                0x0800a4f8        0xc ../../libdaisy/build\libdaisy.a(stm32h7xx_hal_sai.o)
 .text.HAL_SAI_ErrorCallback
                0x0800a504        0x4 ../../libdaisy/build\libdaisy.a(stm32h7xx_hal_sai.o)
                0x0800a504                HAL_SAI_ErrorCallback
 .text.SAI_DMAError
                0x0800a508       0x6c ../../libdaisy/build\libdaisy.a(stm32h7xx_hal_sai.o)
 .text.HAL_SDRAM_Init
                0x0800a574       0x54 ../../libdaisy/build\libdaisy.a(stm32h7xx_hal_sdram.o)
                0x0800a574                HAL_SDRAM_Init
 .text.HAL_SDRAM_SendCommand
                0x0800a5c8       0x40 ../../libdaisy/build\libdaisy.a(stm32h7xx_hal_sdram.o)
                0x0800a5c8                HAL_SDRAM_SendCommand
 .text.HAL_SDRAM_ProgramRefreshRate
                0x0800a608       0x30 ../../libdaisy/build\libdaisy.a(stm32h7xx_hal_sdram.o)
                0x0800a608                HAL_SDRAM_ProgramRefreshRate
 .text.FMC_SDRAM_Init
                0x0800a638       0x7c ../../libdaisy/build\libdaisy.a(stm32h7xx_ll_fmc.o)
                0x0800a638                FMC_SDRAM_Init
 .text.FMC_SDRAM_Timing_Init
                0x0800a6b4       0x98 ../../libdaisy/build\libdaisy.a(stm32h7xx_ll_fmc.o)
                0x0800a6b4                FMC_SDRAM_Timing_Init
 .text.FMC_SDRAM_SendCommand
                0x0800a74c       0x28 ../../libdaisy/build\libdaisy.a(stm32h7xx_ll_fmc.o)
                0x0800a74c                FMC_SDRAM_SendCommand
 .text.FMC_SDRAM_ProgramRefreshRate
                0x0800a774       0x1c ../../libdaisy/build\libdaisy.a(stm32h7xx_ll_fmc.o)
                0x0800a774                FMC_SDRAM_ProgramRefreshRate
 .text.HAL_TIM_Base_MspInit
                0x0800a790       0xcc ../../libdaisy/build\libdaisy.a(tim.o)
                0x0800a790                HAL_TIM_Base_MspInit
 .text._ZN5daisy11TimerHandle4InitERKNS0_6ConfigE
                0x0800a85c       0xc4 ../../libdaisy/build\libdaisy.a(tim.o)
                0x0800a85c                daisy::TimerHandle::Init(daisy::TimerHandle::Config const&)
 .text._ZN5daisy11TimerHandle5StartEv
                0x0800a920       0x14 ../../libdaisy/build\libdaisy.a(tim.o)
                0x0800a920                daisy::TimerHandle::Start()
 .text.dsy_dma_init
                0x0800a934       0xd0 ../../libdaisy/build\libdaisy.a(dma.o)
                0x0800a934                dsy_dma_init
 .text.HAL_MDMA_Abort_IT
                0x0800aa04       0x2c ../../libdaisy/build\libdaisy.a(stm32h7xx_hal_mdma.o)
                0x0800aa04                HAL_MDMA_Abort_IT
 .text.HAL_TIM_Base_Init
                0x0800aa30      0x140 ../../libdaisy/build\libdaisy.a(stm32h7xx_hal_tim.o)
                0x0800aa30                HAL_TIM_Base_Init
 .text.HAL_TIM_Base_Start
                0x0800ab70       0x34 ../../libdaisy/build\libdaisy.a(stm32h7xx_hal_tim.o)
                0x0800ab70                HAL_TIM_Base_Start
 .text.HAL_TIM_ConfigClockSource
                0x0800aba4      0x17c ../../libdaisy/build\libdaisy.a(stm32h7xx_hal_tim.o)
                0x0800aba4                HAL_TIM_ConfigClockSource
 .text.HAL_TIMEx_MasterConfigSynchronization
                0x0800ad20       0x64 ../../libdaisy/build\libdaisy.a(stm32h7xx_hal_tim_ex.o)
                0x0800ad20                HAL_TIMEx_MasterConfigSynchronization
 .text.__aeabi_atexit
                0x0800ad84        0xa d:/gnu_arm_embedded_toolchain/10_2020-q4-major/bin/../lib/gcc/arm-none-eabi/10.2.1/../../../../arm-none-eabi/lib/thumb/v7e-m+dp/hard\libstdc++_nano.a(atexit_arm.o)
                0x0800ad84                __aeabi_atexit
 *fill*         0x0800ad8e        0x2 
 .text.__cxa_atexit
                0x0800ad90       0x1c d:/gnu_arm_embedded_toolchain/10_2020-q4-major/bin/../lib/gcc/arm-none-eabi/10.2.1/../../../../arm-none-eabi/lib/thumb/v7e-m+dp/hard\libc_nano.a(lib_a-cxa_atexit.o)
                0x0800ad90                __cxa_atexit
 .text.__libc_init_array
                0x0800adac       0x48 d:/gnu_arm_embedded_toolchain/10_2020-q4-major/bin/../lib/gcc/arm-none-eabi/10.2.1/../../../../arm-none-eabi/lib/thumb/v7e-m+dp/hard\libc_nano.a(lib_a-init.o)
                0x0800adac                __libc_init_array
 .text.memcpy   0x0800adf4       0x1c d:/gnu_arm_embedded_toolchain/10_2020-q4-major/bin/../lib/gcc/arm-none-eabi/10.2.1/../../../../arm-none-eabi/lib/thumb/v7e-m+dp/hard\libc_nano.a(lib_a-memcpy-stub.o)
                0x0800adf4                memcpy
 .text.memset   0x0800ae10       0x10 d:/gnu_arm_embedded_toolchain/10_2020-q4-major/bin/../lib/gcc/arm-none-eabi/10.2.1/../../../../arm-none-eabi/lib/thumb/v7e-m+dp/hard\libc_nano.a(lib_a-memset.o)
                0x0800ae10                memset
 *(.rodata)
 .rodata        0x0800ae20      0x200 build/Looper.o
 .rodata        0x0800b020        0x8 ../../libdaisy/build\libdaisy.a(daisy_petal.o)
 .rodata        0x0800b028       0x10 ../../libdaisy/build\libdaisy.a(i2c.o)
 .rodata        0x0800b038       0x10 ../../libdaisy/build\libdaisy.a(tim.o)
 *(.rodata*)
 .rodata._ZN5daisy10DaisyPetal9ClearLedsEv.str1.4
                0x0800b048       0x15 ../../libdaisy/build\libdaisy.a(daisy_petal.o)
 *fill*         0x0800b05d        0x3 
 .rodata._ZN5daisy10DaisyPetal12InitSwitchesEv.str1.4
                0x0800b060        0x8 ../../libdaisy/build\libdaisy.a(daisy_petal.o)
 .rodata._ZL20petal_led_i2c_config
                0x0800b068        0xc ../../libdaisy/build\libdaisy.a(daisy_petal.o)
 .rodata._ZL8seedgpio
                0x0800b074       0x3e ../../libdaisy/build\libdaisy.a(daisy_seed.o)
 *fill*         0x0800b0b2        0x2 
 .rodata._ZL16dsy_adc_rank_map
                0x0800b0b4       0x40 ../../libdaisy/build\libdaisy.a(adc.o)
 .rodata.HAL_QSPI_MspInit.str1.4
                0x0800b0f4        0x7 ../../libdaisy/build\libdaisy.a(qspi.o)
 *fill*         0x0800b0fb        0x1 
 .rodata.CSWTCH.33
                0x0800b0fc        0x3 ../../libdaisy/build\libdaisy.a(sai.o)
 *fill*         0x0800b0ff        0x1 
 .rodata.CSWTCH.34
                0x0800b100        0xc ../../libdaisy/build\libdaisy.a(sai.o)
 .rodata.CSWTCH.41
                0x0800b10c       0x14 ../../libdaisy/build\libdaisy.a(sai.o)
 .rodata.D1CorePrescTable
                0x0800b120       0x10 ../../libdaisy/build\libdaisy.a(system_stm32h7xx.o)
                0x0800b120                D1CorePrescTable
 .rodata.gpio_hal_pin_map
                0x0800b130       0x20 ../../libdaisy/build\libdaisy.a(hal_map.o)
 .rodata.gpio_hal_port_map
                0x0800b150       0x30 ../../libdaisy/build\libdaisy.a(hal_map.o)
 .rodata.flagBitshiftOffset.0
                0x0800b180        0x8 ../../libdaisy/build\libdaisy.a(stm32h7xx_hal_dma.o)
 *(.glue_7)
 .glue_7        0x0800b188        0x0 linker stubs
 *(.glue_7t)
 .glue_7t       0x0800b188        0x0 linker stubs
 *(.init)
 .init          0x0800b188        0x4 d:/gnu_arm_embedded_toolchain/10_2020-q4-major/bin/../lib/gcc/arm-none-eabi/10.2.1/thumb/v7e-m+dp/hard/crti.o
                0x0800b188                _init
 .init          0x0800b18c        0x8 d:/gnu_arm_embedded_toolchain/10_2020-q4-major/bin/../lib/gcc/arm-none-eabi/10.2.1/thumb/v7e-m+dp/hard/crtn.o
 *(.fini)
 .fini          0x0800b194        0x4 d:/gnu_arm_embedded_toolchain/10_2020-q4-major/bin/../lib/gcc/arm-none-eabi/10.2.1/thumb/v7e-m+dp/hard/crti.o
                0x0800b194                _fini
 .fini          0x0800b198        0x8 d:/gnu_arm_embedded_toolchain/10_2020-q4-major/bin/../lib/gcc/arm-none-eabi/10.2.1/thumb/v7e-m+dp/hard/crtn.o
                0x0800b1a0                . = ALIGN (0x4)
                0x0800b1a0                _etext = .

.eh_frame       0x0800b1a0        0x0
 .eh_frame      0x0800b1a0        0x0 d:/gnu_arm_embedded_toolchain/10_2020-q4-major/bin/../lib/gcc/arm-none-eabi/10.2.1/thumb/v7e-m+dp/hard/crtbegin.o

.vfp11_veneer   0x0800b1a0        0x0
 .vfp11_veneer  0x0800b1a0        0x0 linker stubs

.v4_bx          0x0800b1a0        0x0
 .v4_bx         0x0800b1a0        0x0 linker stubs

.iplt           0x0800b1a0        0x0
 .iplt          0x0800b1a0        0x0 d:/gnu_arm_embedded_toolchain/10_2020-q4-major/bin/../lib/gcc/arm-none-eabi/10.2.1/thumb/v7e-m+dp/hard/crtbegin.o

.rel.dyn        0x0800b1a0        0x0
 .rel.iplt      0x0800b1a0        0x0 d:/gnu_arm_embedded_toolchain/10_2020-q4-major/bin/../lib/gcc/arm-none-eabi/10.2.1/thumb/v7e-m+dp/hard/crtbegin.o

.ARM.extab      0x0800b1a0        0x0
                0x0800b1a0                . = ALIGN (0x4)
 *(.ARM.extab)
 *(.gnu.linkonce.armextab.*)
                0x0800b1a0                . = ALIGN (0x4)

.exidx          0x0800b1a0        0x0
                0x0800b1a0                . = ALIGN (0x4)
                [!provide]                PROVIDE (__exidx_start = .)
 *(.ARM.exidx*)
                0x0800b1a0                . = ALIGN (0x4)
                [!provide]                PROVIDE (__exidx_end = .)

.ARM.attributes
                0x0800b1a0       0x2e
 *(.ARM.attributes)
 .ARM.attributes
                0x0800b1a0       0x1e d:/gnu_arm_embedded_toolchain/10_2020-q4-major/bin/../lib/gcc/arm-none-eabi/10.2.1/thumb/v7e-m+dp/hard/crti.o
 .ARM.attributes
                0x0800b1be       0x32 d:/gnu_arm_embedded_toolchain/10_2020-q4-major/bin/../lib/gcc/arm-none-eabi/10.2.1/thumb/v7e-m+dp/hard/crtbegin.o
 .ARM.attributes
                0x0800b1f0       0x32 build/startup_stm32h750xx.o
 .ARM.attributes
                0x0800b222       0x32 build/Looper.o
 .ARM.attributes
                0x0800b254       0x32 ../../libdaisy/build\libdaisy.a(daisy_petal.o)
 .ARM.attributes
                0x0800b286       0x32 ../../libdaisy/build\libdaisy.a(daisy_seed.o)
 .ARM.attributes
                0x0800b2b8       0x32 ../../libdaisy/build\libdaisy.a(codec_ak4556.o)
 .ARM.attributes
                0x0800b2ea       0x32 ../../libdaisy/build\libdaisy.a(sdram.o)
 .ARM.attributes
                0x0800b31c       0x32 ../../libdaisy/build\libdaisy.a(audio.o)
 .ARM.attributes
                0x0800b34e       0x32 ../../libdaisy/build\libdaisy.a(ctrl.o)
 .ARM.attributes
                0x0800b380       0x32 ../../libdaisy/build\libdaisy.a(encoder.o)
 .ARM.attributes
                0x0800b3b2       0x32 ../../libdaisy/build\libdaisy.a(switch.o)
 .ARM.attributes
                0x0800b3e4       0x32 ../../libdaisy/build\libdaisy.a(adc.o)
 .ARM.attributes
                0x0800b416       0x32 ../../libdaisy/build\libdaisy.a(gpio.o)
 .ARM.attributes
                0x0800b448       0x32 ../../libdaisy/build\libdaisy.a(i2c.o)
 .ARM.attributes
                0x0800b47a       0x32 ../../libdaisy/build\libdaisy.a(qspi.o)
 .ARM.attributes
                0x0800b4ac       0x32 ../../libdaisy/build\libdaisy.a(sai.o)
 .ARM.attributes
                0x0800b4de       0x32 ../../libdaisy/build\libdaisy.a(system.o)
 .ARM.attributes
                0x0800b510       0x32 ../../libdaisy/build\libdaisy.a(system_stm32h7xx.o)
 .ARM.attributes
                0x0800b542       0x32 ../../libdaisy/build\libdaisy.a(hal_map.o)
 .ARM.attributes
                0x0800b574       0x32 ../../libdaisy/build\libdaisy.a(stm32h7xx_hal.o)
 .ARM.attributes
                0x0800b5a6       0x32 ../../libdaisy/build\libdaisy.a(stm32h7xx_hal_adc.o)
 .ARM.attributes
                0x0800b5d8       0x32 ../../libdaisy/build\libdaisy.a(stm32h7xx_hal_adc_ex.o)
 .ARM.attributes
                0x0800b60a       0x32 ../../libdaisy/build\libdaisy.a(stm32h7xx_hal_cortex.o)
 .ARM.attributes
                0x0800b63c       0x32 ../../libdaisy/build\libdaisy.a(stm32h7xx_hal_dma.o)
 .ARM.attributes
                0x0800b66e       0x32 ../../libdaisy/build\libdaisy.a(stm32h7xx_hal_gpio.o)
 .ARM.attributes
                0x0800b6a0       0x32 ../../libdaisy/build\libdaisy.a(stm32h7xx_hal_i2c.o)
 .ARM.attributes
                0x0800b6d2       0x32 ../../libdaisy/build\libdaisy.a(stm32h7xx_hal_i2c_ex.o)
 .ARM.attributes
                0x0800b704       0x32 ../../libdaisy/build\libdaisy.a(stm32h7xx_hal_pwr_ex.o)
 .ARM.attributes
                0x0800b736       0x32 ../../libdaisy/build\libdaisy.a(stm32h7xx_hal_qspi.o)
 .ARM.attributes
                0x0800b768       0x32 ../../libdaisy/build\libdaisy.a(stm32h7xx_hal_rcc.o)
 .ARM.attributes
                0x0800b79a       0x32 ../../libdaisy/build\libdaisy.a(stm32h7xx_hal_rcc_ex.o)
 .ARM.attributes
                0x0800b7cc       0x32 ../../libdaisy/build\libdaisy.a(stm32h7xx_hal_sai.o)
 .ARM.attributes
                0x0800b7fe       0x32 ../../libdaisy/build\libdaisy.a(stm32h7xx_hal_sdram.o)
 .ARM.attributes
                0x0800b830       0x32 ../../libdaisy/build\libdaisy.a(stm32h7xx_ll_fmc.o)
 .ARM.attributes
                0x0800b862       0x32 ../../libdaisy/build\libdaisy.a(tim.o)
 .ARM.attributes
                0x0800b894       0x32 ../../libdaisy/build\libdaisy.a(dma.o)
 .ARM.attributes
                0x0800b8c6       0x32 ../../libdaisy/build\libdaisy.a(stm32h7xx_hal_mdma.o)
 .ARM.attributes
                0x0800b8f8       0x32 ../../libdaisy/build\libdaisy.a(stm32h7xx_hal_tim.o)
 .ARM.attributes
                0x0800b92a       0x32 ../../libdaisy/build\libdaisy.a(stm32h7xx_hal_tim_ex.o)
 .ARM.attributes
                0x0800b95c       0x32 d:/gnu_arm_embedded_toolchain/10_2020-q4-major/bin/../lib/gcc/arm-none-eabi/10.2.1/../../../../arm-none-eabi/lib/thumb/v7e-m+dp/hard\libstdc++_nano.a(atexit_arm.o)
 .ARM.attributes
                0x0800b98e       0x32 d:/gnu_arm_embedded_toolchain/10_2020-q4-major/bin/../lib/gcc/arm-none-eabi/10.2.1/../../../../arm-none-eabi/lib/thumb/v7e-m+dp/hard\libc_nano.a(lib_a-cxa_atexit.o)
 .ARM.attributes
                0x0800b9c0       0x32 d:/gnu_arm_embedded_toolchain/10_2020-q4-major/bin/../lib/gcc/arm-none-eabi/10.2.1/../../../../arm-none-eabi/lib/thumb/v7e-m+dp/hard\libc_nano.a(lib_a-init.o)
 .ARM.attributes
                0x0800b9f2       0x32 d:/gnu_arm_embedded_toolchain/10_2020-q4-major/bin/../lib/gcc/arm-none-eabi/10.2.1/../../../../arm-none-eabi/lib/thumb/v7e-m+dp/hard\libc_nano.a(lib_a-memcpy-stub.o)
 .ARM.attributes
                0x0800ba24       0x32 d:/gnu_arm_embedded_toolchain/10_2020-q4-major/bin/../lib/gcc/arm-none-eabi/10.2.1/../../../../arm-none-eabi/lib/thumb/v7e-m+dp/hard\libc_nano.a(lib_a-memset.o)
 .ARM.attributes
                0x0800ba56       0x1e d:/gnu_arm_embedded_toolchain/10_2020-q4-major/bin/../lib/gcc/arm-none-eabi/10.2.1/thumb/v7e-m+dp/hard/crtn.o

.preinit_array  0x0800b1a0        0x0
                0x0800b1a0                PROVIDE (__preinit_array_start = .)
 *(.preinit_array*)
                0x0800b1a0                PROVIDE (__preinit_array_end = .)

.init_array     0x0800b1a0       0x14
                0x0800b1a0                PROVIDE (__init_array_start = .)
 *(SORT_BY_NAME(.init_array.*))
 *(.init_array*)
 .init_array    0x0800b1a0        0x4 d:/gnu_arm_embedded_toolchain/10_2020-q4-major/bin/../lib/gcc/arm-none-eabi/10.2.1/thumb/v7e-m+dp/hard/crtbegin.o
 .init_array    0x0800b1a4        0x4 build/Looper.o
 .init_array    0x0800b1a8        0x4 ../../libdaisy/build\libdaisy.a(daisy_petal.o)
 .init_array    0x0800b1ac        0x4 ../../libdaisy/build\libdaisy.a(audio.o)
 .init_array    0x0800b1b0        0x4 ../../libdaisy/build\libdaisy.a(system.o)
                0x0800b1b4                PROVIDE (__init_array_end = .)

.fini_array     0x0800b1b4        0x4
                [!provide]                PROVIDE (__fini_array_start = .)
 *(.fini_array*)
 .fini_array    0x0800b1b4        0x4 d:/gnu_arm_embedded_toolchain/10_2020-q4-major/bin/../lib/gcc/arm-none-eabi/10.2.1/thumb/v7e-m+dp/hard/crtbegin.o
 *(SORT_BY_NAME(.fini_array.*))
                [!provide]                PROVIDE (__fini_array_end = .)

.data           0x24000000       0x1c load address 0x0800b1b8
                0x24000000                . = ALIGN (0x4)
                0x24000000                _sdata = .
                [!provide]                PROVIDE (__data_start__ = _sdata)
 *(.data)
 .data          0x24000000        0x4 d:/gnu_arm_embedded_toolchain/10_2020-q4-major/bin/../lib/gcc/arm-none-eabi/10.2.1/thumb/v7e-m+dp/hard/crtbegin.o
                0x24000000                __dso_handle
 *(.data*)
 .data.first    0x24000004        0x1 build/Looper.o
                0x24000004                first
 *fill*         0x24000005        0x3 
 .data.mod      0x24000008        0x4 build/Looper.o
                0x24000008                mod
 .data.SystemCoreClock
                0x2400000c        0x4 ../../libdaisy/build\libdaisy.a(system_stm32h7xx.o)
                0x2400000c                SystemCoreClock
 .data.SystemD2Clock
                0x24000010        0x4 ../../libdaisy/build\libdaisy.a(system_stm32h7xx.o)
                0x24000010                SystemD2Clock
 .data.uwTickFreq
                0x24000014        0x1 ../../libdaisy/build\libdaisy.a(stm32h7xx_hal.o)
 *fill*         0x24000015        0x3 
 .data.uwTickPrio
                0x24000018        0x4 ../../libdaisy/build\libdaisy.a(stm32h7xx_hal.o)
                0x2400001c                . = ALIGN (0x4)
                0x2400001c                _edata = .
                [!provide]                PROVIDE (__data_end__ = _edata)
                0x0800b1b8                _sidata = LOADADDR (.data)

.igot.plt       0x2400001c        0x0 load address 0x0800b1d4
 .igot.plt      0x2400001c        0x0 d:/gnu_arm_embedded_toolchain/10_2020-q4-major/bin/../lib/gcc/arm-none-eabi/10.2.1/thumb/v7e-m+dp/hard/crtbegin.o

.bss            0x24000020     0x132c load address 0x0800b1d4
                0x24000020                . = ALIGN (0x4)
                0x24000020                _sbss = .
                0x24000020                PROVIDE (__bss_start__ = _sbss)
 *(.bss)
 .bss           0x24000020       0x1c d:/gnu_arm_embedded_toolchain/10_2020-q4-major/bin/../lib/gcc/arm-none-eabi/10.2.1/thumb/v7e-m+dp/hard/crtbegin.o
 *(.bss*)
 .bss._ZL5petal
                0x2400003c      0x6b8 build/Looper.o
 .bss.drywet    0x240006f4        0x4 build/Looper.o
                0x240006f4                drywet
 .bss.len       0x240006f8        0x4 build/Looper.o
                0x240006f8                len
 .bss.play      0x240006fc        0x1 build/Looper.o
                0x240006fc                play
 *fill*         0x240006fd        0x3 
 .bss.pos       0x24000700        0x4 build/Looper.o
                0x24000700                pos
 .bss.rec       0x24000704        0x1 build/Looper.o
                0x24000704                rec
 .bss.res       0x24000705        0x1 build/Looper.o
                0x24000705                res
 *fill*         0x24000706        0x2 
 .bss.FMC_Initialized
                0x24000708        0x4 ../../libdaisy/build\libdaisy.a(sdram.o)
 *fill*         0x2400070c        0x4 
 .bss.dsy_sdram
                0x24000710       0x3c ../../libdaisy/build\libdaisy.a(sdram.o)
 .bss._ZN5daisyL12audio_handleE
                0x2400074c       0x30 ../../libdaisy/build\libdaisy.a(audio.o)
 *fill*         0x2400077c        0x4 
 .bss._ZL3adc   0x24000780      0x210 ../../libdaisy/build\libdaisy.a(adc.o)
 .bss._ZN5daisy9I2CHandle4Impl14next_callback_E
                0x24000990        0x4 ../../libdaisy/build\libdaisy.a(i2c.o)
                0x24000990                daisy::I2CHandle::Impl::next_callback_
 .bss._ZN5daisy9I2CHandle4Impl21queued_dma_transfers_E
                0x24000994       0x3c ../../libdaisy/build\libdaisy.a(i2c.o)
                0x24000994                daisy::I2CHandle::Impl::queued_dma_transfers_
 .bss._ZN5daisy9I2CHandle4Impl22dma_active_peripheral_E
                0x240009d0        0x1 ../../libdaisy/build\libdaisy.a(i2c.o)
                0x240009d0                daisy::I2CHandle::Impl::dma_active_peripheral_
 *fill*         0x240009d1        0x3 
 .bss._ZN5daisy9I2CHandle4Impl22next_callback_context_E
                0x240009d4        0x4 ../../libdaisy/build\libdaisy.a(i2c.o)
                0x240009d4                daisy::I2CHandle::Impl::next_callback_context_
 .bss._ZN5daisyL11i2c_handlesE
                0x240009d8      0x340 ../../libdaisy/build\libdaisy.a(i2c.o)
 .bss.qspi_handle
                0x24000d18       0x54 ../../libdaisy/build\libdaisy.a(qspi.o)
 .bss._ZN5daisyL11sai_handlesE
                0x24000d6c      0x4b8 ../../libdaisy/build\libdaisy.a(sai.o)
 .bss._ZN5daisy6System4tim_E
                0x24001224        0x4 ../../libdaisy/build\libdaisy.a(system.o)
                0x24001224                daisy::System::tim_
 .bss.uwTick    0x24001228        0x4 ../../libdaisy/build\libdaisy.a(stm32h7xx_hal.o)
 .bss._ZN5daisyL11tim_handlesE
                0x2400122c      0x120 ../../libdaisy/build\libdaisy.a(tim.o)
 *(COMMON)
                0x2400134c                . = ALIGN (0x4)
                0x2400134c                _ebss = .
                0x2400134c                PROVIDE (__bss_end__ = _ebss)
                [!provide]                PROVIDE (end = .)

.dtcmram_bss    0x20000000        0x0
                0x20000000                . = ALIGN (0x4)
                0x20000000                _sdtcmram_bss = .
                [!provide]                PROVIDE (__dtcmram_bss_start__ = _sdtcmram_bss)
 *(.dtcmram_bss)
 *(.dtcmram_bss*)
                0x20000000                . = ALIGN (0x4)
                0x20000000                _edtcmram_bss = .
                [!provide]                PROVIDE (__dtcmram_bss_end__ = _edtcmram_bss)

.sram1_bss      0x30000000     0x4220
                0x30000000                . = ALIGN (0x4)
                0x30000000                _ssram1_bss = .
                [!provide]                PROVIDE (__sram1_bss_start__ = _sram1_bss)
 *(.sram1_bss)
 .sram1_bss     0x30000000      0x106 ../../libdaisy/build\libdaisy.a(daisy_petal.o)
 *fill*         0x30000106        0x2 
 .sram1_bss     0x30000108     0x4000 ../../libdaisy/build\libdaisy.a(audio.o)
 .sram1_bss     0x30004108      0x118 ../../libdaisy/build\libdaisy.a(adc.o)
 *(.sram1_bss*)
                0x30004220                . = ALIGN (0x4)
                0x30004220                _esram1_bss = .
                [!provide]                PROVIDE (__sram1_bss_end__ = _esram1_bss)

.sdram_bss      0xc0000000  0x36ee800
                0xc0000000                . = ALIGN (0x4)
                0xc0000000                _ssdram_bss = .
                [!provide]                PROVIDE (__sdram_bss_start = _ssdram_bss)
 *(.sdram_bss)
 .sdram_bss     0xc0000000  0x36ee800 build/Looper.o
                0xc0000000                buf
 *(.sdram_bss*)
                0xc36ee800                . = ALIGN (0x4)
                0xc36ee800                _esdram_bss = .
                [!provide]                PROVIDE (__sdram_bss_end = _esdram_bss)

.qspiflash_text
                0x90000000        0x0
                0x90000000                . = ALIGN (0x4)
                0x90000000                _sqspiflash_text = .
                [!provide]                PROVIDE (__qspiflash_text_start = _sqspiflash_text)
 *(.qspiflash_text)
 *(.qspiflash_text*)
                0x90000000                . = ALIGN (0x4)
                0x90000000                _eqspiflash_text = .
                [!provide]                PROVIDE (__qspiflash_text_end = _eqspiflash_text)

.qspiflash_data
                0x90000000        0x0
                0x90000000                . = ALIGN (0x4)
                0x90000000                _sqspiflash_data = .
                [!provide]                PROVIDE (__qspiflash_data_start = _sqspiflash_data)
 *(.qspiflash_data)
 *(.qspiflash_data*)
                0x90000000                . = ALIGN (0x4)
                0x90000000                _eqspiflash_data = .
                [!provide]                PROVIDE (__qspiflash_data_end = _eqspiflash_data)

.qspiflash_bss  0x90000000        0x0
                0x90000000                . = ALIGN (0x4)
                0x90000000                _sqspiflash_bss = .
                [!provide]                PROVIDE (__qspiflash_bss_start = _sqspiflash_bss)
 *(.qspiflash_bss)
 *(.qspiflash_bss*)
                0x90000000                . = ALIGN (0x4)
                0x90000000                _eqspiflash_bss = .
                [!provide]                PROVIDE (__qspiflash_bss_end = _eqspiflash_bss)

.heap           0x2400134c        0x0
                0x2400134c                . = ALIGN (0x4)
                [!provide]                PROVIDE (__heap_start__ = .)
 *(.heap)
                0x2400134c                . = ALIGN (0x4)
                [!provide]                PROVIDE (__heap_end__ = .)

.reserved_for_stack
                0x2400134c        0x0
                0x2400134c                . = ALIGN (0x4)
                [!provide]                PROVIDE (__reserved_for_stack_start__ = .)
 *(.reserved_for_stack)
                0x2400134c                . = ALIGN (0x4)
                [!provide]                PROVIDE (__reserved_for_stack_end__ = .)

DISCARD
 libc.a(*)
 libm.a(*)
 libgcc.a(*)
OUTPUT(build/ex_Looper.elf elf32-littlearm)
LOAD linker stubs
LOAD d:/gnu_arm_embedded_toolchain/10_2020-q4-major/bin/../lib/gcc/arm-none-eabi/10.2.1/../../../../arm-none-eabi/lib/thumb/v7e-m+dp/hard\libc.a
LOAD d:/gnu_arm_embedded_toolchain/10_2020-q4-major/bin/../lib/gcc/arm-none-eabi/10.2.1/../../../../arm-none-eabi/lib/thumb/v7e-m+dp/hard\libm.a
LOAD d:/gnu_arm_embedded_toolchain/10_2020-q4-major/bin/../lib/gcc/arm-none-eabi/10.2.1/thumb/v7e-m+dp/hard\libgcc.a

.comment        0x00000000       0x4d
 .comment       0x00000000       0x4d build/startup_stm32h750xx.o
                                 0x4e (size before relaxing)
 .comment       0x0000004d       0x4e build/Looper.o
 .comment       0x0000004d       0x4e ../../libdaisy/build\libdaisy.a(daisy_petal.o)
 .comment       0x0000004d       0x4e ../../libdaisy/build\libdaisy.a(daisy_seed.o)
 .comment       0x0000004d       0x4e ../../libdaisy/build\libdaisy.a(codec_ak4556.o)
 .comment       0x0000004d       0x4e ../../libdaisy/build\libdaisy.a(sdram.o)
 .comment       0x0000004d       0x4e ../../libdaisy/build\libdaisy.a(audio.o)
 .comment       0x0000004d       0x4e ../../libdaisy/build\libdaisy.a(ctrl.o)
 .comment       0x0000004d       0x4e ../../libdaisy/build\libdaisy.a(encoder.o)
 .comment       0x0000004d       0x4e ../../libdaisy/build\libdaisy.a(switch.o)
 .comment       0x0000004d       0x4e ../../libdaisy/build\libdaisy.a(adc.o)
 .comment       0x0000004d       0x4e ../../libdaisy/build\libdaisy.a(gpio.o)
 .comment       0x0000004d       0x4e ../../libdaisy/build\libdaisy.a(i2c.o)
 .comment       0x0000004d       0x4e ../../libdaisy/build\libdaisy.a(qspi.o)
 .comment       0x0000004d       0x4e ../../libdaisy/build\libdaisy.a(sai.o)
 .comment       0x0000004d       0x4e ../../libdaisy/build\libdaisy.a(system.o)
 .comment       0x0000004d       0x4e ../../libdaisy/build\libdaisy.a(system_stm32h7xx.o)
 .comment       0x0000004d       0x4e ../../libdaisy/build\libdaisy.a(hal_map.o)
 .comment       0x0000004d       0x4e ../../libdaisy/build\libdaisy.a(stm32h7xx_hal.o)
 .comment       0x0000004d       0x4e ../../libdaisy/build\libdaisy.a(stm32h7xx_hal_adc.o)
 .comment       0x0000004d       0x4e ../../libdaisy/build\libdaisy.a(stm32h7xx_hal_adc_ex.o)
 .comment       0x0000004d       0x4e ../../libdaisy/build\libdaisy.a(stm32h7xx_hal_cortex.o)
 .comment       0x0000004d       0x4e ../../libdaisy/build\libdaisy.a(stm32h7xx_hal_dma.o)
 .comment       0x0000004d       0x4e ../../libdaisy/build\libdaisy.a(stm32h7xx_hal_gpio.o)
 .comment       0x0000004d       0x4e ../../libdaisy/build\libdaisy.a(stm32h7xx_hal_i2c.o)
 .comment       0x0000004d       0x4e ../../libdaisy/build\libdaisy.a(stm32h7xx_hal_i2c_ex.o)
 .comment       0x0000004d       0x4e ../../libdaisy/build\libdaisy.a(stm32h7xx_hal_pwr_ex.o)
 .comment       0x0000004d       0x4e ../../libdaisy/build\libdaisy.a(stm32h7xx_hal_qspi.o)
 .comment       0x0000004d       0x4e ../../libdaisy/build\libdaisy.a(stm32h7xx_hal_rcc.o)
 .comment       0x0000004d       0x4e ../../libdaisy/build\libdaisy.a(stm32h7xx_hal_rcc_ex.o)
 .comment       0x0000004d       0x4e ../../libdaisy/build\libdaisy.a(stm32h7xx_hal_sai.o)
 .comment       0x0000004d       0x4e ../../libdaisy/build\libdaisy.a(stm32h7xx_hal_sdram.o)
 .comment       0x0000004d       0x4e ../../libdaisy/build\libdaisy.a(stm32h7xx_ll_fmc.o)
 .comment       0x0000004d       0x4e ../../libdaisy/build\libdaisy.a(tim.o)
 .comment       0x0000004d       0x4e ../../libdaisy/build\libdaisy.a(dma.o)
 .comment       0x0000004d       0x4e ../../libdaisy/build\libdaisy.a(stm32h7xx_hal_mdma.o)
 .comment       0x0000004d       0x4e ../../libdaisy/build\libdaisy.a(stm32h7xx_hal_tim.o)
 .comment       0x0000004d       0x4e ../../libdaisy/build\libdaisy.a(stm32h7xx_hal_tim_ex.o)

.debug_info     0x00000000    0x502c8
 .debug_info    0x00000000     0x6f04 ../../libdaisy/build\libdaisy.a(daisy_petal.o)
 .debug_info    0x00006f04     0x3e22 ../../libdaisy/build\libdaisy.a(daisy_seed.o)
 .debug_info    0x0000ad26     0x12af ../../libdaisy/build\libdaisy.a(codec_ak4556.o)
 .debug_info    0x0000bfd5     0x13ad ../../libdaisy/build\libdaisy.a(sdram.o)
 .debug_info    0x0000d382     0x2ca2 ../../libdaisy/build\libdaisy.a(audio.o)
 .debug_info    0x00010024     0x1a00 ../../libdaisy/build\libdaisy.a(ctrl.o)
 .debug_info    0x00011a24      0xdd5 ../../libdaisy/build\libdaisy.a(encoder.o)
 .debug_info    0x000127f9      0xd11 ../../libdaisy/build\libdaisy.a(switch.o)
 .debug_info    0x0001350a     0x3c55 ../../libdaisy/build\libdaisy.a(adc.o)
 .debug_info    0x0001715f      0xc1b ../../libdaisy/build\libdaisy.a(gpio.o)
 .debug_info    0x00017d7a     0x5af0 ../../libdaisy/build\libdaisy.a(i2c.o)
 .debug_info    0x0001d86a     0x2613 ../../libdaisy/build\libdaisy.a(qspi.o)
 .debug_info    0x0001fe7d     0x44b6 ../../libdaisy/build\libdaisy.a(sai.o)
 .debug_info    0x00024333     0x3ac6 ../../libdaisy/build\libdaisy.a(system.o)
 .debug_info    0x00027df9      0xa3b ../../libdaisy/build\libdaisy.a(system_stm32h7xx.o)
 .debug_info    0x00028834      0x2dd ../../libdaisy/build\libdaisy.a(hal_map.o)
 .debug_info    0x00028b11     0x16d6 ../../libdaisy/build\libdaisy.a(stm32h7xx_hal.o)
 .debug_info    0x0002a1e7     0x2f24 ../../libdaisy/build\libdaisy.a(stm32h7xx_hal_adc.o)
 .debug_info    0x0002d10b     0x2ecc ../../libdaisy/build\libdaisy.a(stm32h7xx_hal_adc_ex.o)
 .debug_info    0x0002ffd7     0x13f0 ../../libdaisy/build\libdaisy.a(stm32h7xx_hal_cortex.o)
 .debug_info    0x000313c7      0xf2f ../../libdaisy/build\libdaisy.a(stm32h7xx_hal_dma.o)
 .debug_info    0x000322f6      0xd4d ../../libdaisy/build\libdaisy.a(stm32h7xx_hal_gpio.o)
 .debug_info    0x00033043     0x6323 ../../libdaisy/build\libdaisy.a(stm32h7xx_hal_i2c.o)
 .debug_info    0x00039366      0xe5a ../../libdaisy/build\libdaisy.a(stm32h7xx_hal_i2c_ex.o)
 .debug_info    0x0003a1c0      0xf42 ../../libdaisy/build\libdaisy.a(stm32h7xx_hal_pwr_ex.o)
 .debug_info    0x0003b102     0x1ed9 ../../libdaisy/build\libdaisy.a(stm32h7xx_hal_qspi.o)
 .debug_info    0x0003cfdb     0x1267 ../../libdaisy/build\libdaisy.a(stm32h7xx_hal_rcc.o)
 .debug_info    0x0003e242     0x16c3 ../../libdaisy/build\libdaisy.a(stm32h7xx_hal_rcc_ex.o)
 .debug_info    0x0003f905     0x2063 ../../libdaisy/build\libdaisy.a(stm32h7xx_hal_sai.o)
 .debug_info    0x00041968     0x12ab ../../libdaisy/build\libdaisy.a(stm32h7xx_hal_sdram.o)
 .debug_info    0x00042c13      0xd17 ../../libdaisy/build\libdaisy.a(stm32h7xx_ll_fmc.o)
 .debug_info    0x0004392a     0x43e5 ../../libdaisy/build\libdaisy.a(tim.o)
 .debug_info    0x00047d0f     0x1050 ../../libdaisy/build\libdaisy.a(dma.o)
 .debug_info    0x00048d5f      0xffe ../../libdaisy/build\libdaisy.a(stm32h7xx_hal_mdma.o)
 .debug_info    0x00049d5d     0x4b86 ../../libdaisy/build\libdaisy.a(stm32h7xx_hal_tim.o)
 .debug_info    0x0004e8e3     0x19e5 ../../libdaisy/build\libdaisy.a(stm32h7xx_hal_tim_ex.o)

.debug_abbrev   0x00000000     0x8b44
 .debug_abbrev  0x00000000      0xa30 ../../libdaisy/build\libdaisy.a(daisy_petal.o)
 .debug_abbrev  0x00000a30      0x7cd ../../libdaisy/build\libdaisy.a(daisy_seed.o)
 .debug_abbrev  0x000011fd      0x350 ../../libdaisy/build\libdaisy.a(codec_ak4556.o)
 .debug_abbrev  0x0000154d      0x313 ../../libdaisy/build\libdaisy.a(sdram.o)
 .debug_abbrev  0x00001860      0x6a3 ../../libdaisy/build\libdaisy.a(audio.o)
 .debug_abbrev  0x00001f03      0x20e ../../libdaisy/build\libdaisy.a(ctrl.o)
 .debug_abbrev  0x00002111      0x2b1 ../../libdaisy/build\libdaisy.a(encoder.o)
 .debug_abbrev  0x000023c2      0x340 ../../libdaisy/build\libdaisy.a(switch.o)
 .debug_abbrev  0x00002702      0x723 ../../libdaisy/build\libdaisy.a(adc.o)
 .debug_abbrev  0x00002e25      0x292 ../../libdaisy/build\libdaisy.a(gpio.o)
 .debug_abbrev  0x000030b7      0x8df ../../libdaisy/build\libdaisy.a(i2c.o)
 .debug_abbrev  0x00003996      0x482 ../../libdaisy/build\libdaisy.a(qspi.o)
 .debug_abbrev  0x00003e18      0x794 ../../libdaisy/build\libdaisy.a(sai.o)
 .debug_abbrev  0x000045ac      0x676 ../../libdaisy/build\libdaisy.a(system.o)
 .debug_abbrev  0x00004c22      0x139 ../../libdaisy/build\libdaisy.a(system_stm32h7xx.o)
 .debug_abbrev  0x00004d5b      0x132 ../../libdaisy/build\libdaisy.a(hal_map.o)
 .debug_abbrev  0x00004e8d      0x2b5 ../../libdaisy/build\libdaisy.a(stm32h7xx_hal.o)
 .debug_abbrev  0x00005142      0x31b ../../libdaisy/build\libdaisy.a(stm32h7xx_hal_adc.o)
 .debug_abbrev  0x0000545d      0x38d ../../libdaisy/build\libdaisy.a(stm32h7xx_hal_adc_ex.o)
 .debug_abbrev  0x000057ea      0x35f ../../libdaisy/build\libdaisy.a(stm32h7xx_hal_cortex.o)
 .debug_abbrev  0x00005b49      0x343 ../../libdaisy/build\libdaisy.a(stm32h7xx_hal_dma.o)
 .debug_abbrev  0x00005e8c      0x237 ../../libdaisy/build\libdaisy.a(stm32h7xx_hal_gpio.o)
 .debug_abbrev  0x000060c3      0x3cb ../../libdaisy/build\libdaisy.a(stm32h7xx_hal_i2c.o)
 .debug_abbrev  0x0000648e      0x1e5 ../../libdaisy/build\libdaisy.a(stm32h7xx_hal_i2c_ex.o)
 .debug_abbrev  0x00006673      0x327 ../../libdaisy/build\libdaisy.a(stm32h7xx_hal_pwr_ex.o)
 .debug_abbrev  0x0000699a      0x300 ../../libdaisy/build\libdaisy.a(stm32h7xx_hal_qspi.o)
 .debug_abbrev  0x00006c9a      0x2d7 ../../libdaisy/build\libdaisy.a(stm32h7xx_hal_rcc.o)
 .debug_abbrev  0x00006f71      0x309 ../../libdaisy/build\libdaisy.a(stm32h7xx_hal_rcc_ex.o)
 .debug_abbrev  0x0000727a      0x334 ../../libdaisy/build\libdaisy.a(stm32h7xx_hal_sai.o)
 .debug_abbrev  0x000075ae      0x25e ../../libdaisy/build\libdaisy.a(stm32h7xx_hal_sdram.o)
 .debug_abbrev  0x0000780c      0x19b ../../libdaisy/build\libdaisy.a(stm32h7xx_ll_fmc.o)
 .debug_abbrev  0x000079a7      0x673 ../../libdaisy/build\libdaisy.a(tim.o)
 .debug_abbrev  0x0000801a      0x1f6 ../../libdaisy/build\libdaisy.a(dma.o)
 .debug_abbrev  0x00008210      0x2cd ../../libdaisy/build\libdaisy.a(stm32h7xx_hal_mdma.o)
 .debug_abbrev  0x000084dd      0x366 ../../libdaisy/build\libdaisy.a(stm32h7xx_hal_tim.o)
 .debug_abbrev  0x00008843      0x301 ../../libdaisy/build\libdaisy.a(stm32h7xx_hal_tim_ex.o)

.debug_loc      0x00000000    0x29bcd
 .debug_loc     0x00000000     0x25ce ../../libdaisy/build\libdaisy.a(daisy_petal.o)
 .debug_loc     0x000025ce      0x582 ../../libdaisy/build\libdaisy.a(daisy_seed.o)
 .debug_loc     0x00002b50       0xe4 ../../libdaisy/build\libdaisy.a(sdram.o)
 .debug_loc     0x00002c34     0x1c98 ../../libdaisy/build\libdaisy.a(audio.o)
 .debug_loc     0x000048cc       0x61 ../../libdaisy/build\libdaisy.a(ctrl.o)
 .debug_loc     0x0000492d       0x6c ../../libdaisy/build\libdaisy.a(encoder.o)
 .debug_loc     0x00004999      0x33c ../../libdaisy/build\libdaisy.a(switch.o)
 .debug_loc     0x00004cd5      0xe0c ../../libdaisy/build\libdaisy.a(adc.o)
 .debug_loc     0x00005ae1      0x20f ../../libdaisy/build\libdaisy.a(gpio.o)
 .debug_loc     0x00005cf0     0x1986 ../../libdaisy/build\libdaisy.a(i2c.o)
 .debug_loc     0x00007676      0xcf6 ../../libdaisy/build\libdaisy.a(qspi.o)
 .debug_loc     0x0000836c      0xfc9 ../../libdaisy/build\libdaisy.a(sai.o)
 .debug_loc     0x00009335      0x293 ../../libdaisy/build\libdaisy.a(system.o)
 .debug_loc     0x000095c8      0x170 ../../libdaisy/build\libdaisy.a(system_stm32h7xx.o)
 .debug_loc     0x00009738       0x4a ../../libdaisy/build\libdaisy.a(hal_map.o)
 .debug_loc     0x00009782      0x59e ../../libdaisy/build\libdaisy.a(stm32h7xx_hal.o)
 .debug_loc     0x00009d20     0x2352 ../../libdaisy/build\libdaisy.a(stm32h7xx_hal_adc.o)
 .debug_loc     0x0000c072     0x25e1 ../../libdaisy/build\libdaisy.a(stm32h7xx_hal_adc_ex.o)
 .debug_loc     0x0000e653      0x7af ../../libdaisy/build\libdaisy.a(stm32h7xx_hal_cortex.o)
 .debug_loc     0x0000ee02     0x1273 ../../libdaisy/build\libdaisy.a(stm32h7xx_hal_dma.o)
 .debug_loc     0x00010075      0x482 ../../libdaisy/build\libdaisy.a(stm32h7xx_hal_gpio.o)
 .debug_loc     0x000104f7     0x7f88 ../../libdaisy/build\libdaisy.a(stm32h7xx_hal_i2c.o)
 .debug_loc     0x0001847f      0x228 ../../libdaisy/build\libdaisy.a(stm32h7xx_hal_i2c_ex.o)
 .debug_loc     0x000186a7      0x3fa ../../libdaisy/build\libdaisy.a(stm32h7xx_hal_pwr_ex.o)
 .debug_loc     0x00018aa1     0x2023 ../../libdaisy/build\libdaisy.a(stm32h7xx_hal_qspi.o)
 .debug_loc     0x0001aac4      0x7c3 ../../libdaisy/build\libdaisy.a(stm32h7xx_hal_rcc.o)
 .debug_loc     0x0001b287     0x10d1 ../../libdaisy/build\libdaisy.a(stm32h7xx_hal_rcc_ex.o)
 .debug_loc     0x0001c358     0x2314 ../../libdaisy/build\libdaisy.a(stm32h7xx_hal_sai.o)
 .debug_loc     0x0001e66c      0xf5a ../../libdaisy/build\libdaisy.a(stm32h7xx_hal_sdram.o)
 .debug_loc     0x0001f5c6      0x736 ../../libdaisy/build\libdaisy.a(stm32h7xx_ll_fmc.o)
 .debug_loc     0x0001fcfc      0xe15 ../../libdaisy/build\libdaisy.a(tim.o)
 .debug_loc     0x00020b11      0x250 ../../libdaisy/build\libdaisy.a(dma.o)
 .debug_loc     0x00020d61     0x13dd ../../libdaisy/build\libdaisy.a(stm32h7xx_hal_mdma.o)
 .debug_loc     0x0002213e     0x637e ../../libdaisy/build\libdaisy.a(stm32h7xx_hal_tim.o)
 .debug_loc     0x000284bc     0x1711 ../../libdaisy/build\libdaisy.a(stm32h7xx_hal_tim_ex.o)

.debug_aranges  0x00000000     0x1a20
 .debug_aranges
                0x00000000       0xf8 ../../libdaisy/build\libdaisy.a(daisy_petal.o)
 .debug_aranges
                0x000000f8       0xb8 ../../libdaisy/build\libdaisy.a(daisy_seed.o)
 .debug_aranges
                0x000001b0       0x20 ../../libdaisy/build\libdaisy.a(codec_ak4556.o)
 .debug_aranges
                0x000001d0       0x38 ../../libdaisy/build\libdaisy.a(sdram.o)
 .debug_aranges
                0x00000208       0xd0 ../../libdaisy/build\libdaisy.a(audio.o)
 .debug_aranges
                0x000002d8       0x30 ../../libdaisy/build\libdaisy.a(ctrl.o)
 .debug_aranges
                0x00000308       0x28 ../../libdaisy/build\libdaisy.a(encoder.o)
 .debug_aranges
                0x00000330       0x30 ../../libdaisy/build\libdaisy.a(switch.o)
 .debug_aranges
                0x00000360       0x98 ../../libdaisy/build\libdaisy.a(adc.o)
 .debug_aranges
                0x000003f8       0x40 ../../libdaisy/build\libdaisy.a(gpio.o)
 .debug_aranges
                0x00000438      0x110 ../../libdaisy/build\libdaisy.a(i2c.o)
 .debug_aranges
                0x00000548       0x60 ../../libdaisy/build\libdaisy.a(qspi.o)
 .debug_aranges
                0x000005a8       0xf0 ../../libdaisy/build\libdaisy.a(sai.o)
 .debug_aranges
                0x00000698       0xb0 ../../libdaisy/build\libdaisy.a(system.o)
 .debug_aranges
                0x00000748       0x28 ../../libdaisy/build\libdaisy.a(system_stm32h7xx.o)
 .debug_aranges
                0x00000770       0x28 ../../libdaisy/build\libdaisy.a(hal_map.o)
 .debug_aranges
                0x00000798      0x198 ../../libdaisy/build\libdaisy.a(stm32h7xx_hal.o)
 .debug_aranges
                0x00000930       0xd8 ../../libdaisy/build\libdaisy.a(stm32h7xx_hal_adc.o)
 .debug_aranges
                0x00000a08       0xe0 ../../libdaisy/build\libdaisy.a(stm32h7xx_hal_adc_ex.o)
 .debug_aranges
                0x00000ae8       0xb0 ../../libdaisy/build\libdaisy.a(stm32h7xx_hal_cortex.o)
 .debug_aranges
                0x00000b98       0x88 ../../libdaisy/build\libdaisy.a(stm32h7xx_hal_dma.o)
 .debug_aranges
                0x00000c20       0x58 ../../libdaisy/build\libdaisy.a(stm32h7xx_hal_gpio.o)
 .debug_aranges
                0x00000c78      0x1d8 ../../libdaisy/build\libdaisy.a(stm32h7xx_hal_i2c.o)
 .debug_aranges
                0x00000e50       0x48 ../../libdaisy/build\libdaisy.a(stm32h7xx_hal_i2c_ex.o)
 .debug_aranges
                0x00000e98      0x128 ../../libdaisy/build\libdaisy.a(stm32h7xx_hal_pwr_ex.o)
 .debug_aranges
                0x00000fc0       0xf8 ../../libdaisy/build\libdaisy.a(stm32h7xx_hal_qspi.o)
 .debug_aranges
                0x000010b8       0x88 ../../libdaisy/build\libdaisy.a(stm32h7xx_hal_rcc.o)
 .debug_aranges
                0x00001140       0xd0 ../../libdaisy/build\libdaisy.a(stm32h7xx_hal_rcc_ex.o)
 .debug_aranges
                0x00001210      0x130 ../../libdaisy/build\libdaisy.a(stm32h7xx_hal_sai.o)
 .debug_aranges
                0x00001340       0xc8 ../../libdaisy/build\libdaisy.a(stm32h7xx_hal_sdram.o)
 .debug_aranges
                0x00001408       0xc8 ../../libdaisy/build\libdaisy.a(stm32h7xx_ll_fmc.o)
 .debug_aranges
                0x000014d0       0xf0 ../../libdaisy/build\libdaisy.a(tim.o)
 .debug_aranges
                0x000015c0       0x30 ../../libdaisy/build\libdaisy.a(dma.o)
 .debug_aranges
                0x000015f0       0xb0 ../../libdaisy/build\libdaisy.a(stm32h7xx_hal_mdma.o)
 .debug_aranges
                0x000016a0      0x278 ../../libdaisy/build\libdaisy.a(stm32h7xx_hal_tim.o)
 .debug_aranges
                0x00001918      0x108 ../../libdaisy/build\libdaisy.a(stm32h7xx_hal_tim_ex.o)

.debug_ranges   0x00000000     0x6a70
 .debug_ranges  0x00000000      0x8a0 ../../libdaisy/build\libdaisy.a(daisy_petal.o)
 .debug_ranges  0x000008a0      0x208 ../../libdaisy/build\libdaisy.a(daisy_seed.o)
 .debug_ranges  0x00000aa8       0x10 ../../libdaisy/build\libdaisy.a(codec_ak4556.o)
 .debug_ranges  0x00000ab8      0x100 ../../libdaisy/build\libdaisy.a(sdram.o)
 .debug_ranges  0x00000bb8      0x9f0 ../../libdaisy/build\libdaisy.a(audio.o)
 .debug_ranges  0x000015a8       0x20 ../../libdaisy/build\libdaisy.a(ctrl.o)
 .debug_ranges  0x000015c8       0x18 ../../libdaisy/build\libdaisy.a(encoder.o)
 .debug_ranges  0x000015e0       0x50 ../../libdaisy/build\libdaisy.a(switch.o)
 .debug_ranges  0x00001630      0x388 ../../libdaisy/build\libdaisy.a(adc.o)
 .debug_ranges  0x000019b8      0x180 ../../libdaisy/build\libdaisy.a(gpio.o)
 .debug_ranges  0x00001b38      0x558 ../../libdaisy/build\libdaisy.a(i2c.o)
 .debug_ranges  0x00002090      0x2f8 ../../libdaisy/build\libdaisy.a(qspi.o)
 .debug_ranges  0x00002388      0x2d0 ../../libdaisy/build\libdaisy.a(sai.o)
 .debug_ranges  0x00002658      0x130 ../../libdaisy/build\libdaisy.a(system.o)
 .debug_ranges  0x00002788       0x18 ../../libdaisy/build\libdaisy.a(system_stm32h7xx.o)
 .debug_ranges  0x000027a0       0x18 ../../libdaisy/build\libdaisy.a(hal_map.o)
 .debug_ranges  0x000027b8      0x188 ../../libdaisy/build\libdaisy.a(stm32h7xx_hal.o)
 .debug_ranges  0x00002940      0x6e0 ../../libdaisy/build\libdaisy.a(stm32h7xx_hal_adc.o)
 .debug_ranges  0x00003020      0x450 ../../libdaisy/build\libdaisy.a(stm32h7xx_hal_adc_ex.o)
 .debug_ranges  0x00003470      0x158 ../../libdaisy/build\libdaisy.a(stm32h7xx_hal_cortex.o)
 .debug_ranges  0x000035c8      0x138 ../../libdaisy/build\libdaisy.a(stm32h7xx_hal_dma.o)
 .debug_ranges  0x00003700       0x68 ../../libdaisy/build\libdaisy.a(stm32h7xx_hal_gpio.o)
 .debug_ranges  0x00003768     0x1368 ../../libdaisy/build\libdaisy.a(stm32h7xx_hal_i2c.o)
 .debug_ranges  0x00004ad0       0x88 ../../libdaisy/build\libdaisy.a(stm32h7xx_hal_i2c_ex.o)
 .debug_ranges  0x00004b58      0x130 ../../libdaisy/build\libdaisy.a(stm32h7xx_hal_pwr_ex.o)
 .debug_ranges  0x00004c88      0x2e0 ../../libdaisy/build\libdaisy.a(stm32h7xx_hal_qspi.o)
 .debug_ranges  0x00004f68      0x1b8 ../../libdaisy/build\libdaisy.a(stm32h7xx_hal_rcc.o)
 .debug_ranges  0x00005120       0xf0 ../../libdaisy/build\libdaisy.a(stm32h7xx_hal_rcc_ex.o)
 .debug_ranges  0x00005210      0x5b8 ../../libdaisy/build\libdaisy.a(stm32h7xx_hal_sai.o)
 .debug_ranges  0x000057c8       0xb8 ../../libdaisy/build\libdaisy.a(stm32h7xx_hal_sdram.o)
 .debug_ranges  0x00005880       0xb8 ../../libdaisy/build\libdaisy.a(stm32h7xx_ll_fmc.o)
 .debug_ranges  0x00005938      0x368 ../../libdaisy/build\libdaisy.a(tim.o)
 .debug_ranges  0x00005ca0       0x40 ../../libdaisy/build\libdaisy.a(dma.o)
 .debug_ranges  0x00005ce0      0x178 ../../libdaisy/build\libdaisy.a(stm32h7xx_hal_mdma.o)
 .debug_ranges  0x00005e58      0xa10 ../../libdaisy/build\libdaisy.a(stm32h7xx_hal_tim.o)